DELETE /agents/{agentID}
DELETE /ai/media-search/assets/{assetID}
DELETE /ai/media-search/devices/{deviceID}
DELETE /ai/smart-library/folders/{folderID}
DELETE /api/agents/{agentID}
DELETE /api/ai/media-search/assets/{assetID}
DELETE /api/ai/media-search/devices/{deviceID}
DELETE /api/ai/smart-library/folders/{folderID}
DELETE /api/cloud/connections/{connectionID}
DELETE /api/integrations/{integrationID}
DELETE /api/spaces/{spaceID}
DELETE /api/spaces/{spaceID}/agents/{agentID}
DELETE /api/spaces/{spaceID}/agents/{agentID}/device-grants/{grantID}
DELETE /api/spaces/{spaceID}/calendar/events/{eventID}
DELETE /api/spaces/{spaceID}/calendar/sources/{sourceID}
DELETE /api/spaces/{spaceID}/conversations/{conversationID}
DELETE /api/spaces/{spaceID}/conversations/{conversationID}/action-suggestion-veto
DELETE /api/spaces/{spaceID}/conversations/{conversationID}/messages/{messageID}
DELETE /api/spaces/{spaceID}/conversations/{conversationID}/messages/{messageID}/reactions/{emoji}
DELETE /api/spaces/{spaceID}/drawings/{drawingID}
DELETE /api/spaces/{spaceID}/drawings/{drawingID}/assets/{assetID}
DELETE /api/spaces/{spaceID}/integrations/discord/link/{linkID}
DELETE /api/spaces/{spaceID}/integrations/discord/links/{linkID}
DELETE /api/spaces/{spaceID}/integrations/notion/connection
DELETE /api/spaces/{spaceID}/invitations/{inviteID}
DELETE /api/spaces/{spaceID}/library/album-folders/{folderID}
DELETE /api/spaces/{spaceID}/library/albums/{albumID}
DELETE /api/spaces/{spaceID}/library/albums/{albumID}/items/{itemID}
DELETE /api/spaces/{spaceID}/library/asset-stacks/{stackID}
DELETE /api/spaces/{spaceID}/library/grants/{grantID}
DELETE /api/spaces/{spaceID}/library/items/{itemID}/versions/{editID}
DELETE /api/spaces/{spaceID}/library/people/{personID}
DELETE /api/spaces/{spaceID}/library/people/{personID}/items
DELETE /api/spaces/{spaceID}/members/{userID}
DELETE /api/spaces/{spaceID}/messages
DELETE /api/spaces/{spaceID}/messages/{messageID}
DELETE /api/spaces/{spaceID}/messages/{messageID}/reactions/{emoji}
DELETE /api/spaces/{spaceID}/nodes/{nodeID}
DELETE /api/spaces/{spaceID}/notes/{noteID}
DELETE /api/spaces/{spaceID}/notes/{noteID}/assets/{assetID}
DELETE /api/spaces/{spaceID}/provider-resources/{resourceID}
DELETE /api/spaces/{spaceID}/roadmap-node-definitions/{definitionID}
DELETE /api/spaces/{spaceID}/roadmaps/{roadmapID}
DELETE /api/spaces/{spaceID}/roadmaps/{roadmapID}/edges/{edgeID}
DELETE /api/spaces/{spaceID}/roadmaps/{roadmapID}/goals/{goalID}
DELETE /api/spaces/{spaceID}/roadmaps/{roadmapID}/milestones/{milestoneID}
DELETE /api/spaces/{spaceID}/roadmaps/{roadmapID}/nodes/{nodeID}
DELETE /api/spaces/{spaceID}/studio/workflows/{resourceID}
DELETE /api/spaces/{spaceID}/tasks/{taskID}
DELETE /cloud/connections/{connectionID}
DELETE /integrations/{integrationID}
DELETE /spaces/{spaceID}
DELETE /spaces/{spaceID}/agents/{agentID}
DELETE /spaces/{spaceID}/agents/{agentID}/device-grants/{grantID}
DELETE /spaces/{spaceID}/calendar/events/{eventID}
DELETE /spaces/{spaceID}/calendar/sources/{sourceID}
DELETE /spaces/{spaceID}/conversations/{conversationID}
DELETE /spaces/{spaceID}/conversations/{conversationID}/action-suggestion-veto
DELETE /spaces/{spaceID}/conversations/{conversationID}/messages/{messageID}
DELETE /spaces/{spaceID}/conversations/{conversationID}/messages/{messageID}/reactions/{emoji}
DELETE /spaces/{spaceID}/drawings/{drawingID}
DELETE /spaces/{spaceID}/drawings/{drawingID}/assets/{assetID}
DELETE /spaces/{spaceID}/integrations/discord/link/{linkID}
DELETE /spaces/{spaceID}/integrations/discord/links/{linkID}
DELETE /spaces/{spaceID}/integrations/notion/connection
DELETE /spaces/{spaceID}/invitations/{inviteID}
DELETE /spaces/{spaceID}/library/album-folders/{folderID}
DELETE /spaces/{spaceID}/library/albums/{albumID}
DELETE /spaces/{spaceID}/library/albums/{albumID}/items/{itemID}
DELETE /spaces/{spaceID}/library/asset-stacks/{stackID}
DELETE /spaces/{spaceID}/library/grants/{grantID}
DELETE /spaces/{spaceID}/library/items/{itemID}/versions/{editID}
DELETE /spaces/{spaceID}/library/people/{personID}
DELETE /spaces/{spaceID}/library/people/{personID}/items
DELETE /spaces/{spaceID}/members/{userID}
DELETE /spaces/{spaceID}/messages
DELETE /spaces/{spaceID}/messages/{messageID}
DELETE /spaces/{spaceID}/messages/{messageID}/reactions/{emoji}
DELETE /spaces/{spaceID}/nodes/{nodeID}
DELETE /spaces/{spaceID}/notes/{noteID}
DELETE /spaces/{spaceID}/notes/{noteID}/assets/{assetID}
DELETE /spaces/{spaceID}/provider-resources/{resourceID}
DELETE /spaces/{spaceID}/roadmap-node-definitions/{definitionID}
DELETE /spaces/{spaceID}/roadmaps/{roadmapID}
DELETE /spaces/{spaceID}/roadmaps/{roadmapID}/edges/{edgeID}
DELETE /spaces/{spaceID}/roadmaps/{roadmapID}/goals/{goalID}
DELETE /spaces/{spaceID}/roadmaps/{roadmapID}/milestones/{milestoneID}
DELETE /spaces/{spaceID}/roadmaps/{roadmapID}/nodes/{nodeID}
DELETE /spaces/{spaceID}/studio/workflows/{resourceID}
DELETE /spaces/{spaceID}/tasks/{taskID}
GET /activity/inbox
GET /agents
GET /agents/toolbox
GET /agents/{agentID}
GET /agents/{agentID}/avatar
GET /agents/{agentID}/space-grants
GET /agents/{agentID}/toolbox
GET /ai/media-search/status
GET /ai/models
GET /ai/smart-library/folders/{folderID}/progress
GET /ai/smart-library/folders/{folderID}/results
GET /ai/smart-library/index-status
GET /ai/status
GET /api/activity/inbox
GET /api/agents
GET /api/agents/toolbox
GET /api/agents/{agentID}
GET /api/agents/{agentID}/avatar
GET /api/agents/{agentID}/space-grants
GET /api/agents/{agentID}/toolbox
GET /api/ai/media-search/status
GET /api/ai/models
GET /api/ai/smart-library/folders/{folderID}/progress
GET /api/ai/smart-library/folders/{folderID}/results
GET /api/ai/smart-library/index-status
GET /api/ai/status
GET /api/auth/handoff/start
GET /api/auth/reset/start
GET /api/auth/reset/validate
GET /api/billing/usage
GET /api/cloud/connections
GET /api/health
GET /api/me
GET /api/me/avatar
GET /api/me/settings
GET /api/oauth/cloud/{provider}/callback
GET /api/oauth/providers/{provider}/callback
GET /api/realtime
GET /api/runs/{runID}
GET /api/search/spaces
GET /api/space-invitations/{token}
GET /api/space-templates
GET /api/spaces
GET /api/spaces/resolve/{ticket}
GET /api/spaces/{spaceID}
GET /api/spaces/{spaceID}/action-suggestion-settings
GET /api/spaces/{spaceID}/action-suggestions
GET /api/spaces/{spaceID}/action-suggestions/{batchID}/review
GET /api/spaces/{spaceID}/agenda
GET /api/spaces/{spaceID}/agents
GET /api/spaces/{spaceID}/agents/{agentID}/device-grants
GET /api/spaces/{spaceID}/agents/{agentID}/toolbox
GET /api/spaces/{spaceID}/attachments/{attachmentID}/download
GET /api/spaces/{spaceID}/calendar/events
GET /api/spaces/{spaceID}/calendar/google/calendars
GET /api/spaces/{spaceID}/calendar/sources
GET /api/spaces/{spaceID}/conversations
GET /api/spaces/{spaceID}/conversations/{conversationID}/action-suggestion-veto
GET /api/spaces/{spaceID}/conversations/{conversationID}/messages
GET /api/spaces/{spaceID}/drawings
GET /api/spaces/{spaceID}/drawings/{drawingID}
GET /api/spaces/{spaceID}/drawings/{drawingID}/assets
GET /api/spaces/{spaceID}/drawings/{drawingID}/assets/{assetID}/download
GET /api/spaces/{spaceID}/integrations
GET /api/spaces/{spaceID}/integrations/discord/link
GET /api/spaces/{spaceID}/integrations/discord/links
GET /api/spaces/{spaceID}/integrations/notion/databases/{databaseID}
GET /api/spaces/{spaceID}/integrations/notion/pages/{pageID}
GET /api/spaces/{spaceID}/integrations/notion/pages/{pageID}/blocks
GET /api/spaces/{spaceID}/integrations/notion/search
GET /api/spaces/{spaceID}/integrations/notion/sources
GET /api/spaces/{spaceID}/integrations/notion/status
GET /api/spaces/{spaceID}/integrations/{integrationID}/resources
GET /api/spaces/{spaceID}/invitations
GET /api/spaces/{spaceID}/library
GET /api/spaces/{spaceID}/library/album-folders
GET /api/spaces/{spaceID}/library/albums
GET /api/spaces/{spaceID}/library/albums/{albumID}
GET /api/spaces/{spaceID}/library/albums/{albumID}/items
GET /api/spaces/{spaceID}/library/asset-stacks
GET /api/spaces/{spaceID}/library/discovery
GET /api/spaces/{spaceID}/library/discovery/{kind}/{groupID}/items
GET /api/spaces/{spaceID}/library/facets
GET /api/spaces/{spaceID}/library/groups
GET /api/spaces/{spaceID}/library/groups/{groupID}/items
GET /api/spaces/{spaceID}/library/imports/history
GET /api/spaces/{spaceID}/library/items/{itemID}
GET /api/spaces/{spaceID}/library/items/{itemID}/download
GET /api/spaces/{spaceID}/library/items/{itemID}/preview
GET /api/spaces/{spaceID}/library/items/{itemID}/versions
GET /api/spaces/{spaceID}/library/people
GET /api/spaces/{spaceID}/library/people/policy
GET /api/spaces/{spaceID}/library/people/{personID}
GET /api/spaces/{spaceID}/library/people/{personID}/items
GET /api/spaces/{spaceID}/library/pins
GET /api/spaces/{spaceID}/library/search/semantic
GET /api/spaces/{spaceID}/library/shared
GET /api/spaces/{spaceID}/library/shared/{referenceID}/download
GET /api/spaces/{spaceID}/library/usage
GET /api/spaces/{spaceID}/members
GET /api/spaces/{spaceID}/members/{userID}/avatar
GET /api/spaces/{spaceID}/members/{userID}/permissions
GET /api/spaces/{spaceID}/messages
GET /api/spaces/{spaceID}/nodes
GET /api/spaces/{spaceID}/notes
GET /api/spaces/{spaceID}/notes/{noteID}
GET /api/spaces/{spaceID}/notes/{noteID}/assets
GET /api/spaces/{spaceID}/notes/{noteID}/assets/{assetID}/download
GET /api/spaces/{spaceID}/provider-resources
GET /api/spaces/{spaceID}/roadmap-node-definitions
GET /api/spaces/{spaceID}/roadmaps
GET /api/spaces/{spaceID}/roadmaps/{roadmapID}
GET /api/spaces/{spaceID}/setup
GET /api/spaces/{spaceID}/studio/workflows
GET /api/spaces/{spaceID}/studio/workflows/{workflowID}/versions
GET /api/spaces/{spaceID}/tasks
GET /api/spaces/{spaceID}/tasks/{taskID}/activity
GET /auth/handoff/start
GET /auth/reset/start
GET /auth/reset/validate
GET /billing/usage
GET /cloud/connections
GET /health
GET /me
GET /me/avatar
GET /me/settings
GET /oauth/cloud/{provider}/callback
GET /oauth/providers/{provider}/callback
GET /realtime
GET /runs/{runID}
GET /search/spaces
GET /space-invitations/{token}
GET /space-templates
GET /spaces
GET /spaces/resolve/{ticket}
GET /spaces/{spaceID}
GET /spaces/{spaceID}/action-suggestion-settings
GET /spaces/{spaceID}/action-suggestions
GET /spaces/{spaceID}/action-suggestions/{batchID}/review
GET /spaces/{spaceID}/agenda
GET /spaces/{spaceID}/agents
GET /spaces/{spaceID}/agents/{agentID}/device-grants
GET /spaces/{spaceID}/agents/{agentID}/toolbox
GET /spaces/{spaceID}/attachments/{attachmentID}/download
GET /spaces/{spaceID}/calendar/events
GET /spaces/{spaceID}/calendar/google/calendars
GET /spaces/{spaceID}/calendar/sources
GET /spaces/{spaceID}/conversations
GET /spaces/{spaceID}/conversations/{conversationID}/action-suggestion-veto
GET /spaces/{spaceID}/conversations/{conversationID}/messages
GET /spaces/{spaceID}/drawings
GET /spaces/{spaceID}/drawings/{drawingID}
GET /spaces/{spaceID}/drawings/{drawingID}/assets
GET /spaces/{spaceID}/drawings/{drawingID}/assets/{assetID}/download
GET /spaces/{spaceID}/integrations
GET /spaces/{spaceID}/integrations/discord/link
GET /spaces/{spaceID}/integrations/discord/links
GET /spaces/{spaceID}/integrations/notion/databases/{databaseID}
GET /spaces/{spaceID}/integrations/notion/pages/{pageID}
GET /spaces/{spaceID}/integrations/notion/pages/{pageID}/blocks
GET /spaces/{spaceID}/integrations/notion/search
GET /spaces/{spaceID}/integrations/notion/sources
GET /spaces/{spaceID}/integrations/notion/status
GET /spaces/{spaceID}/integrations/{integrationID}/resources
GET /spaces/{spaceID}/invitations
GET /spaces/{spaceID}/library
GET /spaces/{spaceID}/library/album-folders
GET /spaces/{spaceID}/library/albums
GET /spaces/{spaceID}/library/albums/{albumID}
GET /spaces/{spaceID}/library/albums/{albumID}/items
GET /spaces/{spaceID}/library/asset-stacks
GET /spaces/{spaceID}/library/discovery
GET /spaces/{spaceID}/library/discovery/{kind}/{groupID}/items
GET /spaces/{spaceID}/library/facets
GET /spaces/{spaceID}/library/groups
GET /spaces/{spaceID}/library/groups/{groupID}/items
GET /spaces/{spaceID}/library/imports/history
GET /spaces/{spaceID}/library/items/{itemID}
GET /spaces/{spaceID}/library/items/{itemID}/download
GET /spaces/{spaceID}/library/items/{itemID}/preview
GET /spaces/{spaceID}/library/items/{itemID}/versions
GET /spaces/{spaceID}/library/people
GET /spaces/{spaceID}/library/people/policy
GET /spaces/{spaceID}/library/people/{personID}
GET /spaces/{spaceID}/library/people/{personID}/items
GET /spaces/{spaceID}/library/pins
GET /spaces/{spaceID}/library/search/semantic
GET /spaces/{spaceID}/library/shared
GET /spaces/{spaceID}/library/shared/{referenceID}/download
GET /spaces/{spaceID}/library/usage
GET /spaces/{spaceID}/members
GET /spaces/{spaceID}/members/{userID}/avatar
GET /spaces/{spaceID}/members/{userID}/permissions
GET /spaces/{spaceID}/messages
GET /spaces/{spaceID}/nodes
GET /spaces/{spaceID}/notes
GET /spaces/{spaceID}/notes/{noteID}
GET /spaces/{spaceID}/notes/{noteID}/assets
GET /spaces/{spaceID}/notes/{noteID}/assets/{assetID}/download
GET /spaces/{spaceID}/provider-resources
GET /spaces/{spaceID}/roadmap-node-definitions
GET /spaces/{spaceID}/roadmaps
GET /spaces/{spaceID}/roadmaps/{roadmapID}
GET /spaces/{spaceID}/setup
GET /spaces/{spaceID}/studio/workflows
GET /spaces/{spaceID}/studio/workflows/{workflowID}/versions
GET /spaces/{spaceID}/tasks
GET /spaces/{spaceID}/tasks/{taskID}/activity
PATCH /agents/{agentID}
PATCH /api/agents/{agentID}
PATCH /api/spaces/{spaceID}
PATCH /api/spaces/{spaceID}/agents/{agentID}
PATCH /api/spaces/{spaceID}/calendar/events/{eventID}
PATCH /api/spaces/{spaceID}/conversations/{conversationID}
PATCH /api/spaces/{spaceID}/drawings/{drawingID}
PATCH /api/spaces/{spaceID}/integrations/discord/link/{linkID}
PATCH /api/spaces/{spaceID}/integrations/discord/links/{linkID}
PATCH /api/spaces/{spaceID}/integrations/notion/blocks/{blockID}/children
PATCH /api/spaces/{spaceID}/integrations/notion/pages/{pageID}
PATCH /api/spaces/{spaceID}/library/album-folders/{folderID}
PATCH /api/spaces/{spaceID}/library/albums/{albumID}
PATCH /api/spaces/{spaceID}/library/asset-stacks/{stackID}
PATCH /api/spaces/{spaceID}/library/discovery/memory/{memoryID}
PATCH /api/spaces/{spaceID}/library/items/{itemID}
PATCH /api/spaces/{spaceID}/library/people/policy
PATCH /api/spaces/{spaceID}/library/people/{personID}
PATCH /api/spaces/{spaceID}/notes/{noteID}
PATCH /api/spaces/{spaceID}/notes/{noteID}/metadata
PATCH /api/spaces/{spaceID}/roadmap-node-definitions/{definitionID}
PATCH /api/spaces/{spaceID}/roadmaps/{roadmapID}
PATCH /api/spaces/{spaceID}/roadmaps/{roadmapID}/edges/{edgeID}
PATCH /api/spaces/{spaceID}/roadmaps/{roadmapID}/goals/{goalID}
PATCH /api/spaces/{spaceID}/roadmaps/{roadmapID}/layout
PATCH /api/spaces/{spaceID}/roadmaps/{roadmapID}/milestones/{milestoneID}
PATCH /api/spaces/{spaceID}/roadmaps/{roadmapID}/nodes/{nodeID}
PATCH /api/spaces/{spaceID}/setup
PATCH /api/spaces/{spaceID}/tasks/{taskID}
PATCH /spaces/{spaceID}
PATCH /spaces/{spaceID}/agents/{agentID}
PATCH /spaces/{spaceID}/calendar/events/{eventID}
PATCH /spaces/{spaceID}/conversations/{conversationID}
PATCH /spaces/{spaceID}/drawings/{drawingID}
PATCH /spaces/{spaceID}/integrations/discord/link/{linkID}
PATCH /spaces/{spaceID}/integrations/discord/links/{linkID}
PATCH /spaces/{spaceID}/integrations/notion/blocks/{blockID}/children
PATCH /spaces/{spaceID}/integrations/notion/pages/{pageID}
PATCH /spaces/{spaceID}/library/album-folders/{folderID}
PATCH /spaces/{spaceID}/library/albums/{albumID}
PATCH /spaces/{spaceID}/library/asset-stacks/{stackID}
PATCH /spaces/{spaceID}/library/discovery/memory/{memoryID}
PATCH /spaces/{spaceID}/library/items/{itemID}
PATCH /spaces/{spaceID}/library/people/policy
PATCH /spaces/{spaceID}/library/people/{personID}
PATCH /spaces/{spaceID}/notes/{noteID}
PATCH /spaces/{spaceID}/notes/{noteID}/metadata
PATCH /spaces/{spaceID}/roadmap-node-definitions/{definitionID}
PATCH /spaces/{spaceID}/roadmaps/{roadmapID}
PATCH /spaces/{spaceID}/roadmaps/{roadmapID}/edges/{edgeID}
PATCH /spaces/{spaceID}/roadmaps/{roadmapID}/goals/{goalID}
PATCH /spaces/{spaceID}/roadmaps/{roadmapID}/layout
PATCH /spaces/{spaceID}/roadmaps/{roadmapID}/milestones/{milestoneID}
PATCH /spaces/{spaceID}/roadmaps/{roadmapID}/nodes/{nodeID}
PATCH /spaces/{spaceID}/setup
PATCH /spaces/{spaceID}/tasks/{taskID}
POST /account/deletion/status
POST /activity/inbox/clear
POST /activity/inbox/seen
POST /agents
POST /ai/complete
POST /ai/media-search/chunks
POST /ai/media-search/devices/{deviceID}/adopt-legacy
POST /ai/media-search/search
POST /ai/smart-library/folders
POST /ai/smart-library/folders/{folderID}/approve
POST /ai/smart-library/folders/{folderID}/preflight
POST /ai/smart-library/folders/{folderID}/rescan
POST /ai/smart-library/folders/{folderID}/sample
POST /ai/smart-library/folders/{folderID}/sample/approve
POST /ai/smart-library/folders/{folderID}/search
POST /ai/smart-library/reindex
POST /ai/smart-library/reindex/{jobID}/complete
POST /ai/smart-library/search
POST /api/account/deletion/status
POST /api/activity/inbox/clear
POST /api/activity/inbox/seen
POST /api/agents
POST /api/ai/complete
POST /api/ai/media-search/chunks
POST /api/ai/media-search/devices/{deviceID}/adopt-legacy
POST /api/ai/media-search/search
POST /api/ai/smart-library/folders
POST /api/ai/smart-library/folders/{folderID}/approve
POST /api/ai/smart-library/folders/{folderID}/preflight
POST /api/ai/smart-library/folders/{folderID}/rescan
POST /api/ai/smart-library/folders/{folderID}/sample
POST /api/ai/smart-library/folders/{folderID}/sample/approve
POST /api/ai/smart-library/folders/{folderID}/search
POST /api/ai/smart-library/reindex
POST /api/ai/smart-library/reindex/{jobID}/complete
POST /api/ai/smart-library/search
POST /api/auth/forgot
POST /api/auth/handoff
POST /api/auth/reset
POST /api/billing/checkout-session
POST /api/billing/credit-checkout-session
POST /api/billing/portal-session
POST /api/billing/trial/start
POST /api/cloud/connections/{connectionID}/token
POST /api/cloud/connections/{provider}/authorize
POST /api/login
POST /api/logout
POST /api/me/deletion
POST /api/me/export
POST /api/provider-callbacks/google/calendar
POST /api/provider-callbacks/notion-events
POST /api/provider-callbacks/slack-events
POST /api/realtime/tickets
POST /api/register
POST /api/runs/{runID}/approval
POST /api/runs/{runID}/cancel
POST /api/runs/{runID}/retry
POST /api/space-invitations/{token}
POST /api/spaces
POST /api/spaces/invitations/{inviteID}/accept
POST /api/spaces/invitations/{inviteID}/decline
POST /api/spaces/{spaceID}/action-suggestions/{batchID}/accept
POST /api/spaces/{spaceID}/action-suggestions/{batchID}/dismiss
POST /api/spaces/{spaceID}/agents
POST /api/spaces/{spaceID}/agents/{agentID}/approve-version
POST /api/spaces/{spaceID}/agents/{agentID}/device-grants
POST /api/spaces/{spaceID}/attachments/{attachmentID}/promote
POST /api/spaces/{spaceID}/calendar/events
POST /api/spaces/{spaceID}/calendar/sources
POST /api/spaces/{spaceID}/calendar/sync
POST /api/spaces/{spaceID}/conversation-follow-ups/{followUpID}/cancel
POST /api/spaces/{spaceID}/conversation-follow-ups/{followUpID}/opt-out
POST /api/spaces/{spaceID}/conversations
POST /api/spaces/{spaceID}/conversations/direct
POST /api/spaces/{spaceID}/conversations/{conversationID}/messages
POST /api/spaces/{spaceID}/conversations/{conversationID}/read
POST /api/spaces/{spaceID}/drawings
POST /api/spaces/{spaceID}/drawings/{drawingID}/assets/uploads
POST /api/spaces/{spaceID}/drawings/{drawingID}/assets/uploads/{uploadID}/finalize
POST /api/spaces/{spaceID}/drawings/{drawingID}/collaboration-ticket
POST /api/spaces/{spaceID}/integrations/discord/link
POST /api/spaces/{spaceID}/integrations/discord/link/{linkID}/publish
POST /api/spaces/{spaceID}/integrations/discord/link/{linkID}/sync
POST /api/spaces/{spaceID}/integrations/discord/links
POST /api/spaces/{spaceID}/integrations/discord/links/{linkID}/publish
POST /api/spaces/{spaceID}/integrations/discord/links/{linkID}/sync
POST /api/spaces/{spaceID}/integrations/notion/databases/{databaseID}/query
POST /api/spaces/{spaceID}/integrations/notion/pages
POST /api/spaces/{spaceID}/integrations/{provider}/authorize
POST /api/spaces/{spaceID}/invitations
POST /api/spaces/{spaceID}/invitations/{inviteID}/resend
POST /api/spaces/{spaceID}/leave
POST /api/spaces/{spaceID}/library/album-folders
POST /api/spaces/{spaceID}/library/albums
POST /api/spaces/{spaceID}/library/albums/{albumID}/items
POST /api/spaces/{spaceID}/library/albums/{albumID}/order
POST /api/spaces/{spaceID}/library/asset-stacks
POST /api/spaces/{spaceID}/library/duplicates/merge
POST /api/spaces/{spaceID}/library/exports/download
POST /api/spaces/{spaceID}/library/groups
POST /api/spaces/{spaceID}/library/imports
POST /api/spaces/{spaceID}/library/items/bulk
POST /api/spaces/{spaceID}/library/items/duplicate
POST /api/spaces/{spaceID}/library/items/{itemID}/restore
POST /api/spaces/{spaceID}/library/items/{itemID}/trash
POST /api/spaces/{spaceID}/library/items/{itemID}/versions
POST /api/spaces/{spaceID}/library/items/{itemID}/versions/{editID}/render
POST /api/spaces/{spaceID}/library/people
POST /api/spaces/{spaceID}/library/people/merge
POST /api/spaces/{spaceID}/library/people/{personID}/items
POST /api/spaces/{spaceID}/library/reauthenticate
POST /api/spaces/{spaceID}/library/shared
POST /api/spaces/{spaceID}/library/uploads
POST /api/spaces/{spaceID}/library/uploads/{uploadID}/finalize
POST /api/spaces/{spaceID}/messages
POST /api/spaces/{spaceID}/nodes
POST /api/spaces/{spaceID}/nodes/{nodeID}/resolve
POST /api/spaces/{spaceID}/notes
POST /api/spaces/{spaceID}/notes/{noteID}/assets/uploads
POST /api/spaces/{spaceID}/notes/{noteID}/assets/uploads/{uploadID}/finalize
POST /api/spaces/{spaceID}/notes/{noteID}/collaboration-ticket
POST /api/spaces/{spaceID}/provider-resources
POST /api/spaces/{spaceID}/read
POST /api/spaces/{spaceID}/resources/{resourceKind}/{resourceID}/share-with-space
POST /api/spaces/{spaceID}/roadmap-node-definitions
POST /api/spaces/{spaceID}/roadmaps
POST /api/spaces/{spaceID}/roadmaps/{roadmapID}/edges
POST /api/spaces/{spaceID}/roadmaps/{roadmapID}/goals
POST /api/spaces/{spaceID}/roadmaps/{roadmapID}/milestones
POST /api/spaces/{spaceID}/roadmaps/{roadmapID}/nodes
POST /api/spaces/{spaceID}/studio/workflows
POST /api/spaces/{spaceID}/studio/workflows/{workflowID}/versions
POST /api/spaces/{spaceID}/tasks
POST /api/spaces/{spaceID}/tasks/{taskID}/calendar/publish
POST /api/spaces/{spaceID}/tasks/{taskID}/calendar/resolve
POST /api/spaces/{spaceID}/tasks/{taskID}/move
POST /api/spaces/{spaceID}/transfer
POST /api/waitlist
POST /auth/forgot
POST /auth/handoff
POST /auth/reset
POST /billing/checkout-session
POST /billing/credit-checkout-session
POST /billing/portal-session
POST /billing/trial/start
POST /cloud/connections/{connectionID}/token
POST /cloud/connections/{provider}/authorize
POST /login
POST /logout
POST /me/deletion
POST /me/export
POST /provider-callbacks/google/calendar
POST /provider-callbacks/notion-events
POST /provider-callbacks/slack-events
POST /realtime/tickets
POST /register
POST /runs/{runID}/approval
POST /runs/{runID}/cancel
POST /runs/{runID}/retry
POST /space-invitations/{token}
POST /spaces
POST /spaces/invitations/{inviteID}/accept
POST /spaces/invitations/{inviteID}/decline
POST /spaces/{spaceID}/action-suggestions/{batchID}/accept
POST /spaces/{spaceID}/action-suggestions/{batchID}/dismiss
POST /spaces/{spaceID}/agents
POST /spaces/{spaceID}/agents/{agentID}/approve-version
POST /spaces/{spaceID}/agents/{agentID}/device-grants
POST /spaces/{spaceID}/attachments/{attachmentID}/promote
POST /spaces/{spaceID}/calendar/events
POST /spaces/{spaceID}/calendar/sources
POST /spaces/{spaceID}/calendar/sync
POST /spaces/{spaceID}/conversation-follow-ups/{followUpID}/cancel
POST /spaces/{spaceID}/conversation-follow-ups/{followUpID}/opt-out
POST /spaces/{spaceID}/conversations
POST /spaces/{spaceID}/conversations/direct
POST /spaces/{spaceID}/conversations/{conversationID}/messages
POST /spaces/{spaceID}/conversations/{conversationID}/read
POST /spaces/{spaceID}/drawings
POST /spaces/{spaceID}/drawings/{drawingID}/assets/uploads
POST /spaces/{spaceID}/drawings/{drawingID}/assets/uploads/{uploadID}/finalize
POST /spaces/{spaceID}/drawings/{drawingID}/collaboration-ticket
POST /spaces/{spaceID}/integrations/discord/link
POST /spaces/{spaceID}/integrations/discord/link/{linkID}/publish
POST /spaces/{spaceID}/integrations/discord/link/{linkID}/sync
POST /spaces/{spaceID}/integrations/discord/links
POST /spaces/{spaceID}/integrations/discord/links/{linkID}/publish
POST /spaces/{spaceID}/integrations/discord/links/{linkID}/sync
POST /spaces/{spaceID}/integrations/notion/databases/{databaseID}/query
POST /spaces/{spaceID}/integrations/notion/pages
POST /spaces/{spaceID}/integrations/{provider}/authorize
POST /spaces/{spaceID}/invitations
POST /spaces/{spaceID}/invitations/{inviteID}/resend
POST /spaces/{spaceID}/leave
POST /spaces/{spaceID}/library/album-folders
POST /spaces/{spaceID}/library/albums
POST /spaces/{spaceID}/library/albums/{albumID}/items
POST /spaces/{spaceID}/library/albums/{albumID}/order
POST /spaces/{spaceID}/library/asset-stacks
POST /spaces/{spaceID}/library/duplicates/merge
POST /spaces/{spaceID}/library/exports/download
POST /spaces/{spaceID}/library/groups
POST /spaces/{spaceID}/library/imports
POST /spaces/{spaceID}/library/items/bulk
POST /spaces/{spaceID}/library/items/duplicate
POST /spaces/{spaceID}/library/items/{itemID}/restore
POST /spaces/{spaceID}/library/items/{itemID}/trash
POST /spaces/{spaceID}/library/items/{itemID}/versions
POST /spaces/{spaceID}/library/items/{itemID}/versions/{editID}/render
POST /spaces/{spaceID}/library/people
POST /spaces/{spaceID}/library/people/merge
POST /spaces/{spaceID}/library/people/{personID}/items
POST /spaces/{spaceID}/library/reauthenticate
POST /spaces/{spaceID}/library/shared
POST /spaces/{spaceID}/library/uploads
POST /spaces/{spaceID}/library/uploads/{uploadID}/finalize
POST /spaces/{spaceID}/messages
POST /spaces/{spaceID}/nodes
POST /spaces/{spaceID}/nodes/{nodeID}/resolve
POST /spaces/{spaceID}/notes
POST /spaces/{spaceID}/notes/{noteID}/assets/uploads
POST /spaces/{spaceID}/notes/{noteID}/assets/uploads/{uploadID}/finalize
POST /spaces/{spaceID}/notes/{noteID}/collaboration-ticket
POST /spaces/{spaceID}/provider-resources
POST /spaces/{spaceID}/read
POST /spaces/{spaceID}/resources/{resourceKind}/{resourceID}/share-with-space
POST /spaces/{spaceID}/roadmap-node-definitions
POST /spaces/{spaceID}/roadmaps
POST /spaces/{spaceID}/roadmaps/{roadmapID}/edges
POST /spaces/{spaceID}/roadmaps/{roadmapID}/goals
POST /spaces/{spaceID}/roadmaps/{roadmapID}/milestones
POST /spaces/{spaceID}/roadmaps/{roadmapID}/nodes
POST /spaces/{spaceID}/studio/workflows
POST /spaces/{spaceID}/studio/workflows/{workflowID}/versions
POST /spaces/{spaceID}/tasks
POST /spaces/{spaceID}/tasks/{taskID}/calendar/publish
POST /spaces/{spaceID}/tasks/{taskID}/calendar/resolve
POST /spaces/{spaceID}/tasks/{taskID}/move
POST /spaces/{spaceID}/transfer
POST /stripe/webhook
POST /waitlist
PUT /agents/{agentID}/avatar
PUT /agents/{agentID}/space-grants
PUT /ai/smart-library/folders/{folderID}/assets/{assetID}/tags
PUT /api/agents/{agentID}/avatar
PUT /api/agents/{agentID}/space-grants
PUT /api/ai/smart-library/folders/{folderID}/assets/{assetID}/tags
PUT /api/me/avatar
PUT /api/me/device
PUT /api/me/profile
PUT /api/me/settings
PUT /api/me/telemetry
PUT /api/spaces/{spaceID}/action-suggestion-settings
PUT /api/spaces/{spaceID}/conversations/{conversationID}/action-suggestion-veto
PUT /api/spaces/{spaceID}/conversations/{conversationID}/messages/{messageID}
PUT /api/spaces/{spaceID}/conversations/{conversationID}/messages/{messageID}/reactions/{emoji}
PUT /api/spaces/{spaceID}/integrations/{integrationID}/resources
PUT /api/spaces/{spaceID}/library/albums/{albumID}/organization
PUT /api/spaces/{spaceID}/library/items/{itemID}/versions/current
PUT /api/spaces/{spaceID}/library/pins
PUT /api/spaces/{spaceID}/library/uploads/{uploadID}/content
PUT /api/spaces/{spaceID}/members/{userID}/permissions
PUT /api/spaces/{spaceID}/messages/{messageID}
PUT /api/spaces/{spaceID}/messages/{messageID}/reactions/{emoji}
PUT /api/spaces/{spaceID}/nodes/{nodeID}
PUT /api/spaces/{spaceID}/roadmaps/{roadmapID}/goals/{goalID}/tasks
PUT /me/avatar
PUT /me/device
PUT /me/profile
PUT /me/settings
PUT /me/telemetry
PUT /spaces/{spaceID}/action-suggestion-settings
PUT /spaces/{spaceID}/conversations/{conversationID}/action-suggestion-veto
PUT /spaces/{spaceID}/conversations/{conversationID}/messages/{messageID}
PUT /spaces/{spaceID}/conversations/{conversationID}/messages/{messageID}/reactions/{emoji}
PUT /spaces/{spaceID}/integrations/{integrationID}/resources
PUT /spaces/{spaceID}/library/albums/{albumID}/organization
PUT /spaces/{spaceID}/library/items/{itemID}/versions/current
PUT /spaces/{spaceID}/library/pins
PUT /spaces/{spaceID}/library/uploads/{uploadID}/content
PUT /spaces/{spaceID}/members/{userID}/permissions
PUT /spaces/{spaceID}/messages/{messageID}
PUT /spaces/{spaceID}/messages/{messageID}/reactions/{emoji}
PUT /spaces/{spaceID}/nodes/{nodeID}
PUT /spaces/{spaceID}/roadmaps/{roadmapID}/goals/{goalID}/tasks
