DELETE /ai/media-search/assets/{assetID}
DELETE /ai/media-search/devices/{deviceID}
DELETE /ai/memories/{memoryID}
DELETE /ai/smart-library/folders/{folderID}
DELETE /api/ai/media-search/assets/{assetID}
DELETE /api/ai/media-search/devices/{deviceID}
DELETE /api/ai/memories/{memoryID}
DELETE /api/ai/smart-library/folders/{folderID}
DELETE /api/cloud/connections/{connectionID}
DELETE /api/connections/{connectionID}
DELETE /api/integrations/{integrationID}
DELETE /api/mcp/connections/{connectionID}
DELETE /api/misty/attachments/{attachmentID}
DELETE /api/misty/conversations/{conversationID}
DELETE /api/self-host/invitations/{invitationID}
DELETE /api/spaces/{spaceID}
DELETE /api/spaces/{spaceID}/calendar/events/{eventID}
DELETE /api/spaces/{spaceID}/calendar/sources/{sourceID}
DELETE /api/spaces/{spaceID}/code/github/workspaces/{workspaceID}
DELETE /api/spaces/{spaceID}/conversations/{conversationID}
DELETE /api/spaces/{spaceID}/conversations/{conversationID}/action-suggestion-veto
DELETE /api/spaces/{spaceID}/conversations/{conversationID}/messages/{messageID}
DELETE /api/spaces/{spaceID}/conversations/{conversationID}/messages/{messageID}/reactions/{emoji}
DELETE /api/spaces/{spaceID}/drawings/figma/bindings/{bindingID}
DELETE /api/spaces/{spaceID}/drawings/{drawingID}
DELETE /api/spaces/{spaceID}/drawings/{drawingID}/assets/{assetID}
DELETE /api/spaces/{spaceID}/integrations/github/installations/{installationID}
DELETE /api/spaces/{spaceID}/invitations/{inviteID}
DELETE /api/spaces/{spaceID}/library/album-folders/{folderID}
DELETE /api/spaces/{spaceID}/library/albums/{albumID}
DELETE /api/spaces/{spaceID}/library/albums/{albumID}/items/{itemID}
DELETE /api/spaces/{spaceID}/library/asset-stacks/{stackID}
DELETE /api/spaces/{spaceID}/library/grants/{grantID}
DELETE /api/spaces/{spaceID}/library/items/{itemID}/versions/{editID}
DELETE /api/spaces/{spaceID}/library/people/{personID}
DELETE /api/spaces/{spaceID}/library/people/{personID}/items
DELETE /api/spaces/{spaceID}/members/{userID}
DELETE /api/spaces/{spaceID}/messages
DELETE /api/spaces/{spaceID}/messages/{messageID}
DELETE /api/spaces/{spaceID}/messages/{messageID}/reactions/{emoji}
DELETE /api/spaces/{spaceID}/nodes/{nodeID}
DELETE /api/spaces/{spaceID}/notes/{noteID}
DELETE /api/spaces/{spaceID}/notes/{noteID}/assets/{assetID}
DELETE /api/spaces/{spaceID}/provider-resources/{resourceID}
DELETE /api/spaces/{spaceID}/roadmap-node-definitions/{definitionID}
DELETE /api/spaces/{spaceID}/roadmaps/{roadmapID}
DELETE /api/spaces/{spaceID}/roadmaps/{roadmapID}/edges/{edgeID}
DELETE /api/spaces/{spaceID}/roadmaps/{roadmapID}/goals/{goalID}
DELETE /api/spaces/{spaceID}/roadmaps/{roadmapID}/milestones/{milestoneID}
DELETE /api/spaces/{spaceID}/roadmaps/{roadmapID}/nodes/{nodeID}
DELETE /api/spaces/{spaceID}/social/bindings/{bindingID}
DELETE /api/spaces/{spaceID}/social/scheduled-messages/{scheduledID}
DELETE /api/spaces/{spaceID}/studio/workflows/{resourceID}
DELETE /api/spaces/{spaceID}/tasks/{taskID}
DELETE /cloud/connections/{connectionID}
DELETE /connections/{connectionID}
DELETE /integrations/{integrationID}
DELETE /internal/self-host/collaboration/{resourceType}/{resourceID}
DELETE /mcp/connections/{connectionID}
DELETE /misty/attachments/{attachmentID}
DELETE /misty/conversations/{conversationID}
DELETE /self-host/invitations/{invitationID}
DELETE /spaces/{spaceID}
DELETE /spaces/{spaceID}/calendar/events/{eventID}
DELETE /spaces/{spaceID}/calendar/sources/{sourceID}
DELETE /spaces/{spaceID}/code/github/workspaces/{workspaceID}
DELETE /spaces/{spaceID}/conversations/{conversationID}
DELETE /spaces/{spaceID}/conversations/{conversationID}/action-suggestion-veto
DELETE /spaces/{spaceID}/conversations/{conversationID}/messages/{messageID}
DELETE /spaces/{spaceID}/conversations/{conversationID}/messages/{messageID}/reactions/{emoji}
DELETE /spaces/{spaceID}/drawings/figma/bindings/{bindingID}
DELETE /spaces/{spaceID}/drawings/{drawingID}
DELETE /spaces/{spaceID}/drawings/{drawingID}/assets/{assetID}
DELETE /spaces/{spaceID}/integrations/github/installations/{installationID}
DELETE /spaces/{spaceID}/invitations/{inviteID}
DELETE /spaces/{spaceID}/library/album-folders/{folderID}
DELETE /spaces/{spaceID}/library/albums/{albumID}
DELETE /spaces/{spaceID}/library/albums/{albumID}/items/{itemID}
DELETE /spaces/{spaceID}/library/asset-stacks/{stackID}
DELETE /spaces/{spaceID}/library/grants/{grantID}
DELETE /spaces/{spaceID}/library/items/{itemID}/versions/{editID}
DELETE /spaces/{spaceID}/library/people/{personID}
DELETE /spaces/{spaceID}/library/people/{personID}/items
DELETE /spaces/{spaceID}/members/{userID}
DELETE /spaces/{spaceID}/messages
DELETE /spaces/{spaceID}/messages/{messageID}
DELETE /spaces/{spaceID}/messages/{messageID}/reactions/{emoji}
DELETE /spaces/{spaceID}/nodes/{nodeID}
DELETE /spaces/{spaceID}/notes/{noteID}
DELETE /spaces/{spaceID}/notes/{noteID}/assets/{assetID}
DELETE /spaces/{spaceID}/provider-resources/{resourceID}
DELETE /spaces/{spaceID}/roadmap-node-definitions/{definitionID}
DELETE /spaces/{spaceID}/roadmaps/{roadmapID}
DELETE /spaces/{spaceID}/roadmaps/{roadmapID}/edges/{edgeID}
DELETE /spaces/{spaceID}/roadmaps/{roadmapID}/goals/{goalID}
DELETE /spaces/{spaceID}/roadmaps/{roadmapID}/milestones/{milestoneID}
DELETE /spaces/{spaceID}/roadmaps/{roadmapID}/nodes/{nodeID}
DELETE /spaces/{spaceID}/social/bindings/{bindingID}
DELETE /spaces/{spaceID}/social/scheduled-messages/{scheduledID}
DELETE /spaces/{spaceID}/studio/workflows/{resourceID}
DELETE /spaces/{spaceID}/tasks/{taskID}
DELETE /v1/ai/media-search/assets/{assetID}
DELETE /v1/ai/media-search/devices/{deviceID}
DELETE /v1/ai/memories/{memoryID}
DELETE /v1/ai/smart-library/folders/{folderID}
DELETE /v1/cloud/connections/{connectionID}
DELETE /v1/connections/{connectionID}
DELETE /v1/integrations/{integrationID}
DELETE /v1/mcp/connections/{connectionID}
DELETE /v1/misty/attachments/{attachmentID}
DELETE /v1/misty/conversations/{conversationID}
DELETE /v1/self-host/invitations/{invitationID}
DELETE /v1/spaces/{spaceID}
DELETE /v1/spaces/{spaceID}/calendar/events/{eventID}
DELETE /v1/spaces/{spaceID}/calendar/sources/{sourceID}
DELETE /v1/spaces/{spaceID}/code/github/workspaces/{workspaceID}
DELETE /v1/spaces/{spaceID}/conversations/{conversationID}
DELETE /v1/spaces/{spaceID}/conversations/{conversationID}/action-suggestion-veto
DELETE /v1/spaces/{spaceID}/conversations/{conversationID}/messages/{messageID}
DELETE /v1/spaces/{spaceID}/conversations/{conversationID}/messages/{messageID}/reactions/{emoji}
DELETE /v1/spaces/{spaceID}/drawings/figma/bindings/{bindingID}
DELETE /v1/spaces/{spaceID}/drawings/{drawingID}
DELETE /v1/spaces/{spaceID}/drawings/{drawingID}/assets/{assetID}
DELETE /v1/spaces/{spaceID}/integrations/github/installations/{installationID}
DELETE /v1/spaces/{spaceID}/invitations/{inviteID}
DELETE /v1/spaces/{spaceID}/library/album-folders/{folderID}
DELETE /v1/spaces/{spaceID}/library/albums/{albumID}
DELETE /v1/spaces/{spaceID}/library/albums/{albumID}/items/{itemID}
DELETE /v1/spaces/{spaceID}/library/asset-stacks/{stackID}
DELETE /v1/spaces/{spaceID}/library/grants/{grantID}
DELETE /v1/spaces/{spaceID}/library/items/{itemID}/versions/{editID}
DELETE /v1/spaces/{spaceID}/library/people/{personID}
DELETE /v1/spaces/{spaceID}/library/people/{personID}/items
DELETE /v1/spaces/{spaceID}/members/{userID}
DELETE /v1/spaces/{spaceID}/messages
DELETE /v1/spaces/{spaceID}/messages/{messageID}
DELETE /v1/spaces/{spaceID}/messages/{messageID}/reactions/{emoji}
DELETE /v1/spaces/{spaceID}/nodes/{nodeID}
DELETE /v1/spaces/{spaceID}/notes/{noteID}
DELETE /v1/spaces/{spaceID}/notes/{noteID}/assets/{assetID}
DELETE /v1/spaces/{spaceID}/provider-resources/{resourceID}
DELETE /v1/spaces/{spaceID}/roadmap-node-definitions/{definitionID}
DELETE /v1/spaces/{spaceID}/roadmaps/{roadmapID}
DELETE /v1/spaces/{spaceID}/roadmaps/{roadmapID}/edges/{edgeID}
DELETE /v1/spaces/{spaceID}/roadmaps/{roadmapID}/goals/{goalID}
DELETE /v1/spaces/{spaceID}/roadmaps/{roadmapID}/milestones/{milestoneID}
DELETE /v1/spaces/{spaceID}/roadmaps/{roadmapID}/nodes/{nodeID}
DELETE /v1/spaces/{spaceID}/social/bindings/{bindingID}
DELETE /v1/spaces/{spaceID}/social/scheduled-messages/{scheduledID}
DELETE /v1/spaces/{spaceID}/studio/workflows/{resourceID}
DELETE /v1/spaces/{spaceID}/tasks/{taskID}
GET /activity/inbox
GET /agent-runs/{runID}
GET /agents
GET /agents/{agentID}
GET /agents/{agentID}/activity
GET /agents/{agentID}/avatar
GET /ai/conversations
GET /ai/conversations/{conversationID}
GET /ai/invocations/{invocationID}/events
GET /ai/media-search/status
GET /ai/memories
GET /ai/models
GET /ai/recaps
GET /ai/settings
GET /ai/smart-library/folders/{folderID}/progress
GET /ai/smart-library/folders/{folderID}/results
GET /ai/smart-library/index-status
GET /ai/status
GET /api/activity/inbox
GET /api/agent-runs/{runID}
GET /api/agents
GET /api/agents/{agentID}
GET /api/agents/{agentID}/activity
GET /api/agents/{agentID}/avatar
GET /api/ai/conversations
GET /api/ai/conversations/{conversationID}
GET /api/ai/invocations/{invocationID}/events
GET /api/ai/media-search/status
GET /api/ai/memories
GET /api/ai/models
GET /api/ai/recaps
GET /api/ai/settings
GET /api/ai/smart-library/folders/{folderID}/progress
GET /api/ai/smart-library/folders/{folderID}/results
GET /api/ai/smart-library/index-status
GET /api/ai/status
GET /api/auth/handoff/start
GET /api/auth/reset/start
GET /api/auth/reset/validate
GET /api/automations/flows
GET /api/billing/usage
GET /api/cloud/connections
GET /api/cloud/connections/{connectionID}/token
GET /api/connections
GET /api/connections/{connectionID}/social/resources
GET /api/figma/projects/{projectID}/files
GET /api/figma/teams/{teamID}/projects
GET /api/health
GET /api/instance
GET /api/mail/accounts
GET /api/mail/folders
GET /api/mail/threads
GET /api/mail/threads/{threadID}
GET /api/mcp/connections
GET /api/mcp/connections/{connectionID}
GET /api/mcp/connections/{connectionID}/tools
GET /api/me
GET /api/me/avatar
GET /api/me/settings
GET /api/misty/attachments/{attachmentID}/content
GET /api/misty/conversations
GET /api/oauth/cloud/{provider}/callback
GET /api/oauth/connections/{provider}/callback
GET /api/oauth/github/app/callback
GET /api/oauth/mcp/activepieces/callback
GET /api/oauth/providers/{provider}/callback
GET /api/realtime
GET /api/runs/{runID}
GET /api/search/global
GET /api/search/spaces
GET /api/space-invitations/{token}
GET /api/space-templates
GET /api/spaces
GET /api/spaces/resolve/{ticket}
GET /api/spaces/{spaceID}
GET /api/spaces/{spaceID}/action-suggestion-settings
GET /api/spaces/{spaceID}/action-suggestions
GET /api/spaces/{spaceID}/action-suggestions/{batchID}/review
GET /api/spaces/{spaceID}/agenda
GET /api/spaces/{spaceID}/agents
GET /api/spaces/{spaceID}/agents/{agentID}/runs
GET /api/spaces/{spaceID}/agents/{agentID}/toolbox
GET /api/spaces/{spaceID}/attachments/{attachmentID}/download
GET /api/spaces/{spaceID}/calendar/events
GET /api/spaces/{spaceID}/calendar/google/calendars
GET /api/spaces/{spaceID}/calendar/sources
GET /api/spaces/{spaceID}/code/github/workspaces
GET /api/spaces/{spaceID}/code/github/workspaces/{workspaceID}/records
GET /api/spaces/{spaceID}/conversations
GET /api/spaces/{spaceID}/conversations/{conversationID}/action-suggestion-veto
GET /api/spaces/{spaceID}/conversations/{conversationID}/messages
GET /api/spaces/{spaceID}/drawings
GET /api/spaces/{spaceID}/drawings/figma/bindings
GET /api/spaces/{spaceID}/drawings/figma/bindings/{bindingID}/context
GET /api/spaces/{spaceID}/drawings/figma/bindings/{bindingID}/records
GET /api/spaces/{spaceID}/drawings/{drawingID}
GET /api/spaces/{spaceID}/drawings/{drawingID}/assets
GET /api/spaces/{spaceID}/drawings/{drawingID}/assets/{assetID}/download
GET /api/spaces/{spaceID}/home
GET /api/spaces/{spaceID}/integrations
GET /api/spaces/{spaceID}/integrations/github/installations
GET /api/spaces/{spaceID}/integrations/github/installations/{installationID}/repositories
GET /api/spaces/{spaceID}/integrations/{integrationID}/resources
GET /api/spaces/{spaceID}/invitations
GET /api/spaces/{spaceID}/library
GET /api/spaces/{spaceID}/library/album-folders
GET /api/spaces/{spaceID}/library/albums
GET /api/spaces/{spaceID}/library/albums/{albumID}
GET /api/spaces/{spaceID}/library/albums/{albumID}/items
GET /api/spaces/{spaceID}/library/asset-stacks
GET /api/spaces/{spaceID}/library/discovery
GET /api/spaces/{spaceID}/library/discovery/{kind}/{groupID}/items
GET /api/spaces/{spaceID}/library/facets
GET /api/spaces/{spaceID}/library/groups
GET /api/spaces/{spaceID}/library/groups/{groupID}/items
GET /api/spaces/{spaceID}/library/imports/history
GET /api/spaces/{spaceID}/library/items/{itemID}
GET /api/spaces/{spaceID}/library/items/{itemID}/download
GET /api/spaces/{spaceID}/library/items/{itemID}/preview
GET /api/spaces/{spaceID}/library/items/{itemID}/versions
GET /api/spaces/{spaceID}/library/people
GET /api/spaces/{spaceID}/library/people/policy
GET /api/spaces/{spaceID}/library/people/{personID}
GET /api/spaces/{spaceID}/library/people/{personID}/items
GET /api/spaces/{spaceID}/library/pins
GET /api/spaces/{spaceID}/library/search/semantic
GET /api/spaces/{spaceID}/library/shared
GET /api/spaces/{spaceID}/library/shared/{referenceID}/download
GET /api/spaces/{spaceID}/library/usage
GET /api/spaces/{spaceID}/members
GET /api/spaces/{spaceID}/members/{userID}/avatar
GET /api/spaces/{spaceID}/members/{userID}/permissions
GET /api/spaces/{spaceID}/messages
GET /api/spaces/{spaceID}/nodes
GET /api/spaces/{spaceID}/notes
GET /api/spaces/{spaceID}/notes/{noteID}
GET /api/spaces/{spaceID}/notes/{noteID}/assets
GET /api/spaces/{spaceID}/notes/{noteID}/assets/{assetID}/download
GET /api/spaces/{spaceID}/notes/{noteID}/backlinks
GET /api/spaces/{spaceID}/provider-resources
GET /api/spaces/{spaceID}/roadmap-node-definitions
GET /api/spaces/{spaceID}/roadmaps
GET /api/spaces/{spaceID}/roadmaps/{roadmapID}
GET /api/spaces/{spaceID}/setup
GET /api/spaces/{spaceID}/social/authorities
GET /api/spaces/{spaceID}/social/automation-rules
GET /api/spaces/{spaceID}/social/bindings
GET /api/spaces/{spaceID}/social/providers
GET /api/spaces/{spaceID}/social/scheduled-messages
GET /api/spaces/{spaceID}/studio/workflows
GET /api/spaces/{spaceID}/studio/workflows/{workflowID}/versions
GET /api/spaces/{spaceID}/tasks
GET /api/spaces/{spaceID}/tasks/{taskID}/activity
GET /api/webhooks/social/instagram
GET /auth/handoff/start
GET /auth/reset/start
GET /auth/reset/validate
GET /automations/flows
GET /billing/usage
GET /cloud/connections
GET /cloud/connections/{connectionID}/token
GET /connections
GET /connections/{connectionID}/social/resources
GET /figma/projects/{projectID}/files
GET /figma/teams/{teamID}/projects
GET /health
GET /instance
GET /internal/self-host/collaboration/{resourceType}/{resourceID}
GET /mail/accounts
GET /mail/folders
GET /mail/threads
GET /mail/threads/{threadID}
GET /mcp/connections
GET /mcp/connections/{connectionID}
GET /mcp/connections/{connectionID}/tools
GET /me
GET /me/avatar
GET /me/settings
GET /misty/attachments/{attachmentID}/content
GET /misty/conversations
GET /oauth/cloud/{provider}/callback
GET /oauth/connections/{provider}/callback
GET /oauth/github/app/callback
GET /oauth/mcp/activepieces/callback
GET /oauth/providers/{provider}/callback
GET /realtime
GET /runs/{runID}
GET /search/global
GET /search/spaces
GET /space-invitations/{token}
GET /space-templates
GET /spaces
GET /spaces/resolve/{ticket}
GET /spaces/{spaceID}
GET /spaces/{spaceID}/action-suggestion-settings
GET /spaces/{spaceID}/action-suggestions
GET /spaces/{spaceID}/action-suggestions/{batchID}/review
GET /spaces/{spaceID}/agenda
GET /spaces/{spaceID}/agents
GET /spaces/{spaceID}/agents/{agentID}/runs
GET /spaces/{spaceID}/agents/{agentID}/toolbox
GET /spaces/{spaceID}/attachments/{attachmentID}/download
GET /spaces/{spaceID}/calendar/events
GET /spaces/{spaceID}/calendar/google/calendars
GET /spaces/{spaceID}/calendar/sources
GET /spaces/{spaceID}/code/github/workspaces
GET /spaces/{spaceID}/code/github/workspaces/{workspaceID}/records
GET /spaces/{spaceID}/conversations
GET /spaces/{spaceID}/conversations/{conversationID}/action-suggestion-veto
GET /spaces/{spaceID}/conversations/{conversationID}/messages
GET /spaces/{spaceID}/drawings
GET /spaces/{spaceID}/drawings/figma/bindings
GET /spaces/{spaceID}/drawings/figma/bindings/{bindingID}/context
GET /spaces/{spaceID}/drawings/figma/bindings/{bindingID}/records
GET /spaces/{spaceID}/drawings/{drawingID}
GET /spaces/{spaceID}/drawings/{drawingID}/assets
GET /spaces/{spaceID}/drawings/{drawingID}/assets/{assetID}/download
GET /spaces/{spaceID}/home
GET /spaces/{spaceID}/integrations
GET /spaces/{spaceID}/integrations/github/installations
GET /spaces/{spaceID}/integrations/github/installations/{installationID}/repositories
GET /spaces/{spaceID}/integrations/{integrationID}/resources
GET /spaces/{spaceID}/invitations
GET /spaces/{spaceID}/library
GET /spaces/{spaceID}/library/album-folders
GET /spaces/{spaceID}/library/albums
GET /spaces/{spaceID}/library/albums/{albumID}
GET /spaces/{spaceID}/library/albums/{albumID}/items
GET /spaces/{spaceID}/library/asset-stacks
GET /spaces/{spaceID}/library/discovery
GET /spaces/{spaceID}/library/discovery/{kind}/{groupID}/items
GET /spaces/{spaceID}/library/facets
GET /spaces/{spaceID}/library/groups
GET /spaces/{spaceID}/library/groups/{groupID}/items
GET /spaces/{spaceID}/library/imports/history
GET /spaces/{spaceID}/library/items/{itemID}
GET /spaces/{spaceID}/library/items/{itemID}/download
GET /spaces/{spaceID}/library/items/{itemID}/preview
GET /spaces/{spaceID}/library/items/{itemID}/versions
GET /spaces/{spaceID}/library/people
GET /spaces/{spaceID}/library/people/policy
GET /spaces/{spaceID}/library/people/{personID}
GET /spaces/{spaceID}/library/people/{personID}/items
GET /spaces/{spaceID}/library/pins
GET /spaces/{spaceID}/library/search/semantic
GET /spaces/{spaceID}/library/shared
GET /spaces/{spaceID}/library/shared/{referenceID}/download
GET /spaces/{spaceID}/library/usage
GET /spaces/{spaceID}/members
GET /spaces/{spaceID}/members/{userID}/avatar
GET /spaces/{spaceID}/members/{userID}/permissions
GET /spaces/{spaceID}/messages
GET /spaces/{spaceID}/nodes
GET /spaces/{spaceID}/notes
GET /spaces/{spaceID}/notes/{noteID}
GET /spaces/{spaceID}/notes/{noteID}/assets
GET /spaces/{spaceID}/notes/{noteID}/assets/{assetID}/download
GET /spaces/{spaceID}/notes/{noteID}/backlinks
GET /spaces/{spaceID}/provider-resources
GET /spaces/{spaceID}/roadmap-node-definitions
GET /spaces/{spaceID}/roadmaps
GET /spaces/{spaceID}/roadmaps/{roadmapID}
GET /spaces/{spaceID}/setup
GET /spaces/{spaceID}/social/authorities
GET /spaces/{spaceID}/social/automation-rules
GET /spaces/{spaceID}/social/bindings
GET /spaces/{spaceID}/social/providers
GET /spaces/{spaceID}/social/scheduled-messages
GET /spaces/{spaceID}/studio/workflows
GET /spaces/{spaceID}/studio/workflows/{workflowID}/versions
GET /spaces/{spaceID}/tasks
GET /spaces/{spaceID}/tasks/{taskID}/activity
GET /v1/activity/inbox
GET /v1/agent-runs/{runID}
GET /v1/agents
GET /v1/agents/{agentID}
GET /v1/agents/{agentID}/activity
GET /v1/agents/{agentID}/avatar
GET /v1/ai/conversations
GET /v1/ai/conversations/{conversationID}
GET /v1/ai/invocations/{invocationID}/events
GET /v1/ai/media-search/status
GET /v1/ai/memories
GET /v1/ai/models
GET /v1/ai/recaps
GET /v1/ai/settings
GET /v1/ai/smart-library/folders/{folderID}/progress
GET /v1/ai/smart-library/folders/{folderID}/results
GET /v1/ai/smart-library/index-status
GET /v1/ai/status
GET /v1/auth/handoff/start
GET /v1/auth/reset/start
GET /v1/auth/reset/validate
GET /v1/automations/flows
GET /v1/billing/usage
GET /v1/cloud/connections
GET /v1/cloud/connections/{connectionID}/token
GET /v1/connections
GET /v1/connections/{connectionID}/social/resources
GET /v1/figma/projects/{projectID}/files
GET /v1/figma/teams/{teamID}/projects
GET /v1/health
GET /v1/instance
GET /v1/mail/accounts
GET /v1/mail/folders
GET /v1/mail/threads
GET /v1/mail/threads/{threadID}
GET /v1/mcp/connections
GET /v1/mcp/connections/{connectionID}
GET /v1/mcp/connections/{connectionID}/tools
GET /v1/me
GET /v1/me/avatar
GET /v1/me/settings
GET /v1/misty/attachments/{attachmentID}/content
GET /v1/misty/conversations
GET /v1/oauth/cloud/{provider}/callback
GET /v1/oauth/connections/{provider}/callback
GET /v1/oauth/github/app/callback
GET /v1/oauth/mcp/activepieces/callback
GET /v1/oauth/providers/{provider}/callback
GET /v1/realtime
GET /v1/runs/{runID}
GET /v1/search/global
GET /v1/search/spaces
GET /v1/space-invitations/{token}
GET /v1/space-templates
GET /v1/spaces
GET /v1/spaces/resolve/{ticket}
GET /v1/spaces/{spaceID}
GET /v1/spaces/{spaceID}/action-suggestion-settings
GET /v1/spaces/{spaceID}/action-suggestions
GET /v1/spaces/{spaceID}/action-suggestions/{batchID}/review
GET /v1/spaces/{spaceID}/agenda
GET /v1/spaces/{spaceID}/agents
GET /v1/spaces/{spaceID}/agents/{agentID}/runs
GET /v1/spaces/{spaceID}/agents/{agentID}/toolbox
GET /v1/spaces/{spaceID}/attachments/{attachmentID}/download
GET /v1/spaces/{spaceID}/calendar/events
GET /v1/spaces/{spaceID}/calendar/google/calendars
GET /v1/spaces/{spaceID}/calendar/sources
GET /v1/spaces/{spaceID}/code/github/workspaces
GET /v1/spaces/{spaceID}/code/github/workspaces/{workspaceID}/records
GET /v1/spaces/{spaceID}/conversations
GET /v1/spaces/{spaceID}/conversations/{conversationID}/action-suggestion-veto
GET /v1/spaces/{spaceID}/conversations/{conversationID}/messages
GET /v1/spaces/{spaceID}/drawings
GET /v1/spaces/{spaceID}/drawings/figma/bindings
GET /v1/spaces/{spaceID}/drawings/figma/bindings/{bindingID}/context
GET /v1/spaces/{spaceID}/drawings/figma/bindings/{bindingID}/records
GET /v1/spaces/{spaceID}/drawings/{drawingID}
GET /v1/spaces/{spaceID}/drawings/{drawingID}/assets
GET /v1/spaces/{spaceID}/drawings/{drawingID}/assets/{assetID}/download
GET /v1/spaces/{spaceID}/home
GET /v1/spaces/{spaceID}/integrations
GET /v1/spaces/{spaceID}/integrations/github/installations
GET /v1/spaces/{spaceID}/integrations/github/installations/{installationID}/repositories
GET /v1/spaces/{spaceID}/integrations/{integrationID}/resources
GET /v1/spaces/{spaceID}/invitations
GET /v1/spaces/{spaceID}/library
GET /v1/spaces/{spaceID}/library/album-folders
GET /v1/spaces/{spaceID}/library/albums
GET /v1/spaces/{spaceID}/library/albums/{albumID}
GET /v1/spaces/{spaceID}/library/albums/{albumID}/items
GET /v1/spaces/{spaceID}/library/asset-stacks
GET /v1/spaces/{spaceID}/library/discovery
GET /v1/spaces/{spaceID}/library/discovery/{kind}/{groupID}/items
GET /v1/spaces/{spaceID}/library/facets
GET /v1/spaces/{spaceID}/library/groups
GET /v1/spaces/{spaceID}/library/groups/{groupID}/items
GET /v1/spaces/{spaceID}/library/imports/history
GET /v1/spaces/{spaceID}/library/items/{itemID}
GET /v1/spaces/{spaceID}/library/items/{itemID}/download
GET /v1/spaces/{spaceID}/library/items/{itemID}/preview
GET /v1/spaces/{spaceID}/library/items/{itemID}/versions
GET /v1/spaces/{spaceID}/library/people
GET /v1/spaces/{spaceID}/library/people/policy
GET /v1/spaces/{spaceID}/library/people/{personID}
GET /v1/spaces/{spaceID}/library/people/{personID}/items
GET /v1/spaces/{spaceID}/library/pins
GET /v1/spaces/{spaceID}/library/search/semantic
GET /v1/spaces/{spaceID}/library/shared
GET /v1/spaces/{spaceID}/library/shared/{referenceID}/download
GET /v1/spaces/{spaceID}/library/usage
GET /v1/spaces/{spaceID}/members
GET /v1/spaces/{spaceID}/members/{userID}/avatar
GET /v1/spaces/{spaceID}/members/{userID}/permissions
GET /v1/spaces/{spaceID}/messages
GET /v1/spaces/{spaceID}/nodes
GET /v1/spaces/{spaceID}/notes
GET /v1/spaces/{spaceID}/notes/{noteID}
GET /v1/spaces/{spaceID}/notes/{noteID}/assets
GET /v1/spaces/{spaceID}/notes/{noteID}/assets/{assetID}/download
GET /v1/spaces/{spaceID}/notes/{noteID}/backlinks
GET /v1/spaces/{spaceID}/provider-resources
GET /v1/spaces/{spaceID}/roadmap-node-definitions
GET /v1/spaces/{spaceID}/roadmaps
GET /v1/spaces/{spaceID}/roadmaps/{roadmapID}
GET /v1/spaces/{spaceID}/setup
GET /v1/spaces/{spaceID}/social/authorities
GET /v1/spaces/{spaceID}/social/automation-rules
GET /v1/spaces/{spaceID}/social/bindings
GET /v1/spaces/{spaceID}/social/providers
GET /v1/spaces/{spaceID}/social/scheduled-messages
GET /v1/spaces/{spaceID}/studio/workflows
GET /v1/spaces/{spaceID}/studio/workflows/{workflowID}/versions
GET /v1/spaces/{spaceID}/tasks
GET /v1/spaces/{spaceID}/tasks/{taskID}/activity
GET /v1/webhooks/social/instagram
GET /webhooks/social/instagram
PATCH /api/misty/conversations/{conversationID}
PATCH /api/spaces/{spaceID}
PATCH /api/spaces/{spaceID}/calendar/events/{eventID}
PATCH /api/spaces/{spaceID}/conversations/{conversationID}
PATCH /api/spaces/{spaceID}/drawings/{drawingID}
PATCH /api/spaces/{spaceID}/library/album-folders/{folderID}
PATCH /api/spaces/{spaceID}/library/albums/{albumID}
PATCH /api/spaces/{spaceID}/library/asset-stacks/{stackID}
PATCH /api/spaces/{spaceID}/library/discovery/memory/{memoryID}
PATCH /api/spaces/{spaceID}/library/items/{itemID}
PATCH /api/spaces/{spaceID}/library/people/policy
PATCH /api/spaces/{spaceID}/library/people/{personID}
PATCH /api/spaces/{spaceID}/notes/{noteID}
PATCH /api/spaces/{spaceID}/notes/{noteID}/metadata
PATCH /api/spaces/{spaceID}/roadmap-node-definitions/{definitionID}
PATCH /api/spaces/{spaceID}/roadmaps/{roadmapID}
PATCH /api/spaces/{spaceID}/roadmaps/{roadmapID}/edges/{edgeID}
PATCH /api/spaces/{spaceID}/roadmaps/{roadmapID}/goals/{goalID}
PATCH /api/spaces/{spaceID}/roadmaps/{roadmapID}/layout
PATCH /api/spaces/{spaceID}/roadmaps/{roadmapID}/milestones/{milestoneID}
PATCH /api/spaces/{spaceID}/roadmaps/{roadmapID}/nodes/{nodeID}
PATCH /api/spaces/{spaceID}/setup
PATCH /api/spaces/{spaceID}/tasks/{taskID}
PATCH /misty/conversations/{conversationID}
PATCH /spaces/{spaceID}
PATCH /spaces/{spaceID}/calendar/events/{eventID}
PATCH /spaces/{spaceID}/conversations/{conversationID}
PATCH /spaces/{spaceID}/drawings/{drawingID}
PATCH /spaces/{spaceID}/library/album-folders/{folderID}
PATCH /spaces/{spaceID}/library/albums/{albumID}
PATCH /spaces/{spaceID}/library/asset-stacks/{stackID}
PATCH /spaces/{spaceID}/library/discovery/memory/{memoryID}
PATCH /spaces/{spaceID}/library/items/{itemID}
PATCH /spaces/{spaceID}/library/people/policy
PATCH /spaces/{spaceID}/library/people/{personID}
PATCH /spaces/{spaceID}/notes/{noteID}
PATCH /spaces/{spaceID}/notes/{noteID}/metadata
PATCH /spaces/{spaceID}/roadmap-node-definitions/{definitionID}
PATCH /spaces/{spaceID}/roadmaps/{roadmapID}
PATCH /spaces/{spaceID}/roadmaps/{roadmapID}/edges/{edgeID}
PATCH /spaces/{spaceID}/roadmaps/{roadmapID}/goals/{goalID}
PATCH /spaces/{spaceID}/roadmaps/{roadmapID}/layout
PATCH /spaces/{spaceID}/roadmaps/{roadmapID}/milestones/{milestoneID}
PATCH /spaces/{spaceID}/roadmaps/{roadmapID}/nodes/{nodeID}
PATCH /spaces/{spaceID}/setup
PATCH /spaces/{spaceID}/tasks/{taskID}
PATCH /v1/misty/conversations/{conversationID}
PATCH /v1/spaces/{spaceID}
PATCH /v1/spaces/{spaceID}/calendar/events/{eventID}
PATCH /v1/spaces/{spaceID}/conversations/{conversationID}
PATCH /v1/spaces/{spaceID}/drawings/{drawingID}
PATCH /v1/spaces/{spaceID}/library/album-folders/{folderID}
PATCH /v1/spaces/{spaceID}/library/albums/{albumID}
PATCH /v1/spaces/{spaceID}/library/asset-stacks/{stackID}
PATCH /v1/spaces/{spaceID}/library/discovery/memory/{memoryID}
PATCH /v1/spaces/{spaceID}/library/items/{itemID}
PATCH /v1/spaces/{spaceID}/library/people/policy
PATCH /v1/spaces/{spaceID}/library/people/{personID}
PATCH /v1/spaces/{spaceID}/notes/{noteID}
PATCH /v1/spaces/{spaceID}/notes/{noteID}/metadata
PATCH /v1/spaces/{spaceID}/roadmap-node-definitions/{definitionID}
PATCH /v1/spaces/{spaceID}/roadmaps/{roadmapID}
PATCH /v1/spaces/{spaceID}/roadmaps/{roadmapID}/edges/{edgeID}
PATCH /v1/spaces/{spaceID}/roadmaps/{roadmapID}/goals/{goalID}
PATCH /v1/spaces/{spaceID}/roadmaps/{roadmapID}/layout
PATCH /v1/spaces/{spaceID}/roadmaps/{roadmapID}/milestones/{milestoneID}
PATCH /v1/spaces/{spaceID}/roadmaps/{roadmapID}/nodes/{nodeID}
PATCH /v1/spaces/{spaceID}/setup
PATCH /v1/spaces/{spaceID}/tasks/{taskID}
POST /account/deletion/status
POST /activity/inbox/clear
POST /activity/inbox/seen
POST /agent-runs/{runID}/approvals/{approvalID}
POST /agent-runs/{runID}/cancel
POST /agent-runs/{runID}/contexts
POST /agent-runs/{runID}/retry
POST /agent-voice/transcriptions
POST /ai/artifacts/{artifactID}/completion
POST /ai/artifacts/{artifactID}/decision
POST /ai/complete
POST /ai/invocations
POST /ai/invocations/{invocationID}/cancel
POST /ai/invocations/{invocationID}/feedback
POST /ai/media-search/chunks
POST /ai/media-search/devices/{deviceID}/adopt-legacy
POST /ai/media-search/search
POST /ai/preferences/{surfaceID}/proactive-events
POST /ai/recaps/{surfaceID}/seen
POST /ai/runs
POST /ai/smart-library/folders
POST /ai/smart-library/folders/{folderID}/approve
POST /ai/smart-library/folders/{folderID}/preflight
POST /ai/smart-library/folders/{folderID}/rescan
POST /ai/smart-library/folders/{folderID}/sample
POST /ai/smart-library/folders/{folderID}/sample/approve
POST /ai/smart-library/folders/{folderID}/search
POST /ai/smart-library/reindex
POST /ai/smart-library/reindex/{jobID}/complete
POST /ai/smart-library/search
POST /api/account/deletion/status
POST /api/activity/inbox/clear
POST /api/activity/inbox/seen
POST /api/agent-runs/{runID}/approvals/{approvalID}
POST /api/agent-runs/{runID}/cancel
POST /api/agent-runs/{runID}/contexts
POST /api/agent-runs/{runID}/retry
POST /api/agent-voice/transcriptions
POST /api/ai/artifacts/{artifactID}/completion
POST /api/ai/artifacts/{artifactID}/decision
POST /api/ai/complete
POST /api/ai/invocations
POST /api/ai/invocations/{invocationID}/cancel
POST /api/ai/invocations/{invocationID}/feedback
POST /api/ai/media-search/chunks
POST /api/ai/media-search/devices/{deviceID}/adopt-legacy
POST /api/ai/media-search/search
POST /api/ai/preferences/{surfaceID}/proactive-events
POST /api/ai/recaps/{surfaceID}/seen
POST /api/ai/runs
POST /api/ai/smart-library/folders
POST /api/ai/smart-library/folders/{folderID}/approve
POST /api/ai/smart-library/folders/{folderID}/preflight
POST /api/ai/smart-library/folders/{folderID}/rescan
POST /api/ai/smart-library/folders/{folderID}/sample
POST /api/ai/smart-library/folders/{folderID}/sample/approve
POST /api/ai/smart-library/folders/{folderID}/search
POST /api/ai/smart-library/reindex
POST /api/ai/smart-library/reindex/{jobID}/complete
POST /api/ai/smart-library/search
POST /api/auth/forgot
POST /api/auth/handoff
POST /api/auth/reset
POST /api/billing/checkout-session
POST /api/billing/credit-checkout-session
POST /api/billing/portal-session
POST /api/billing/self-host-entitlement
POST /api/billing/trial/start
POST /api/cloud/connections/bind
POST /api/cloud/connections/{connectionID}/handoff
POST /api/cloud/connections/{provider}/authorize
POST /api/cloud/handoffs/redeem
POST /api/connections/{provider}/authorize
POST /api/internal/journal/note-projections
POST /api/login
POST /api/logout
POST /api/mail/drafts
POST /api/mail/drafts/{draftID}/send
POST /api/mail/threads/{threadID}/actions
POST /api/mcp/connections
POST /api/mcp/connections/{connectionID}/discover
POST /api/mcp/connections/{connectionID}/test
POST /api/mcp/oauth/activepieces/authorize
POST /api/me/deletion
POST /api/me/export
POST /api/me/home/apps
POST /api/misty/attachments
POST /api/misty/attachments/{attachmentID}/finalize
POST /api/misty/conversations
POST /api/misty/conversations/{conversationID}/turns
POST /api/native/github/credential-handoffs/redeem
POST /api/provider-callbacks/figma
POST /api/provider-callbacks/github
POST /api/provider-callbacks/google/calendar
POST /api/realtime/tickets
POST /api/register
POST /api/runs/{runID}/approval
POST /api/runs/{runID}/cancel
POST /api/runs/{runID}/retry
POST /api/search/global/visual
POST /api/self-host/bootstrap
POST /api/self-host/enroll
POST /api/self-host/entitlement
POST /api/self-host/invitations
POST /api/space-invitations/{token}
POST /api/spaces
POST /api/spaces/invitations/{inviteID}/accept
POST /api/spaces/invitations/{inviteID}/decline
POST /api/spaces/{spaceID}/action-suggestions/{batchID}/accept
POST /api/spaces/{spaceID}/action-suggestions/{batchID}/dismiss
POST /api/spaces/{spaceID}/attachments/{attachmentID}/promote
POST /api/spaces/{spaceID}/calendar/events
POST /api/spaces/{spaceID}/calendar/sources
POST /api/spaces/{spaceID}/calendar/sync
POST /api/spaces/{spaceID}/code/github/workspaces
POST /api/spaces/{spaceID}/code/github/workspaces/{workspaceID}/actions
POST /api/spaces/{spaceID}/code/github/workspaces/{workspaceID}/credential-handoff
POST /api/spaces/{spaceID}/code/github/workspaces/{workspaceID}/sync
POST /api/spaces/{spaceID}/conversation-follow-ups/{followUpID}/cancel
POST /api/spaces/{spaceID}/conversation-follow-ups/{followUpID}/opt-out
POST /api/spaces/{spaceID}/conversations
POST /api/spaces/{spaceID}/conversations/{conversationID}/messages
POST /api/spaces/{spaceID}/conversations/{conversationID}/read
POST /api/spaces/{spaceID}/drawings
POST /api/spaces/{spaceID}/drawings/figma/bindings
POST /api/spaces/{spaceID}/drawings/figma/bindings/{bindingID}/comments
POST /api/spaces/{spaceID}/drawings/figma/bindings/{bindingID}/reconcile-webhooks
POST /api/spaces/{spaceID}/drawings/figma/bindings/{bindingID}/sync
POST /api/spaces/{spaceID}/drawings/{drawingID}/assets/uploads
POST /api/spaces/{spaceID}/drawings/{drawingID}/assets/uploads/{uploadID}/finalize
POST /api/spaces/{spaceID}/drawings/{drawingID}/collaboration-ticket
POST /api/spaces/{spaceID}/home/visits
POST /api/spaces/{spaceID}/integrations/github/install
POST /api/spaces/{spaceID}/integrations/{provider}/authorize
POST /api/spaces/{spaceID}/integrations/{provider}/bind
POST /api/spaces/{spaceID}/invitations
POST /api/spaces/{spaceID}/invitations/{inviteID}/resend
POST /api/spaces/{spaceID}/leave
POST /api/spaces/{spaceID}/library/album-folders
POST /api/spaces/{spaceID}/library/albums
POST /api/spaces/{spaceID}/library/albums/{albumID}/items
POST /api/spaces/{spaceID}/library/albums/{albumID}/order
POST /api/spaces/{spaceID}/library/asset-stacks
POST /api/spaces/{spaceID}/library/duplicates/merge
POST /api/spaces/{spaceID}/library/exports/download
POST /api/spaces/{spaceID}/library/groups
POST /api/spaces/{spaceID}/library/imports
POST /api/spaces/{spaceID}/library/items/bulk
POST /api/spaces/{spaceID}/library/items/duplicate
POST /api/spaces/{spaceID}/library/items/{itemID}/provider-import
POST /api/spaces/{spaceID}/library/items/{itemID}/restore
POST /api/spaces/{spaceID}/library/items/{itemID}/trash
POST /api/spaces/{spaceID}/library/items/{itemID}/versions
POST /api/spaces/{spaceID}/library/items/{itemID}/versions/{editID}/render
POST /api/spaces/{spaceID}/library/people
POST /api/spaces/{spaceID}/library/people/merge
POST /api/spaces/{spaceID}/library/people/{personID}/items
POST /api/spaces/{spaceID}/library/reauthenticate
POST /api/spaces/{spaceID}/library/shared
POST /api/spaces/{spaceID}/library/uploads
POST /api/spaces/{spaceID}/library/uploads/{uploadID}/finalize
POST /api/spaces/{spaceID}/messages
POST /api/spaces/{spaceID}/nodes
POST /api/spaces/{spaceID}/nodes/{nodeID}/resolve
POST /api/spaces/{spaceID}/notes
POST /api/spaces/{spaceID}/notes/{noteID}/assets/uploads
POST /api/spaces/{spaceID}/notes/{noteID}/assets/uploads/{uploadID}/finalize
POST /api/spaces/{spaceID}/notes/{noteID}/collaboration-ticket
POST /api/spaces/{spaceID}/provider-resources
POST /api/spaces/{spaceID}/read
POST /api/spaces/{spaceID}/resources/{resourceKind}/{resourceID}/share-with-space
POST /api/spaces/{spaceID}/roadmap-node-definitions
POST /api/spaces/{spaceID}/roadmaps
POST /api/spaces/{spaceID}/roadmaps/{roadmapID}/edges
POST /api/spaces/{spaceID}/roadmaps/{roadmapID}/goals
POST /api/spaces/{spaceID}/roadmaps/{roadmapID}/milestones
POST /api/spaces/{spaceID}/roadmaps/{roadmapID}/nodes
POST /api/spaces/{spaceID}/social/authorities
POST /api/spaces/{spaceID}/social/automation-rules
POST /api/spaces/{spaceID}/social/bindings
POST /api/spaces/{spaceID}/social/scheduled-messages
POST /api/spaces/{spaceID}/studio/workflows
POST /api/spaces/{spaceID}/studio/workflows/{workflowID}/versions
POST /api/spaces/{spaceID}/tasks
POST /api/spaces/{spaceID}/tasks/{taskID}/move
POST /api/spaces/{spaceID}/transfer
POST /api/waitlist
POST /api/webhooks/social/instagram
POST /auth/forgot
POST /auth/handoff
POST /auth/reset
POST /billing/checkout-session
POST /billing/credit-checkout-session
POST /billing/portal-session
POST /billing/self-host-entitlement
POST /billing/trial/start
POST /cloud/connections/bind
POST /cloud/connections/{connectionID}/handoff
POST /cloud/connections/{provider}/authorize
POST /cloud/handoffs/redeem
POST /connections/{provider}/authorize
POST /internal/agent-runtime/runs/{runID}/activate
POST /internal/agent-runtime/runs/{runID}/complete
POST /internal/agent-runtime/runs/{runID}/context
POST /internal/agent-runtime/runs/{runID}/events
POST /internal/agent-runtime/runs/{runID}/mcp-token
POST /internal/agent-runtime/runs/{runID}/tools
POST /internal/journal/note-projections
POST /login
POST /logout
POST /mail/drafts
POST /mail/drafts/{draftID}/send
POST /mail/threads/{threadID}/actions
POST /mcp
POST /mcp/connections
POST /mcp/connections/{connectionID}/discover
POST /mcp/connections/{connectionID}/test
POST /mcp/oauth/activepieces/authorize
POST /me/deletion
POST /me/export
POST /me/home/apps
POST /misty/attachments
POST /misty/attachments/{attachmentID}/finalize
POST /misty/conversations
POST /misty/conversations/{conversationID}/turns
POST /native/github/credential-handoffs/redeem
POST /provider-callbacks/figma
POST /provider-callbacks/github
POST /provider-callbacks/google/calendar
POST /realtime/tickets
POST /register
POST /runs/{runID}/approval
POST /runs/{runID}/cancel
POST /runs/{runID}/retry
POST /search/global/visual
POST /self-host/bootstrap
POST /self-host/enroll
POST /self-host/entitlement
POST /self-host/invitations
POST /space-invitations/{token}
POST /spaces
POST /spaces/invitations/{inviteID}/accept
POST /spaces/invitations/{inviteID}/decline
POST /spaces/{spaceID}/action-suggestions/{batchID}/accept
POST /spaces/{spaceID}/action-suggestions/{batchID}/dismiss
POST /spaces/{spaceID}/attachments/{attachmentID}/promote
POST /spaces/{spaceID}/calendar/events
POST /spaces/{spaceID}/calendar/sources
POST /spaces/{spaceID}/calendar/sync
POST /spaces/{spaceID}/code/github/workspaces
POST /spaces/{spaceID}/code/github/workspaces/{workspaceID}/actions
POST /spaces/{spaceID}/code/github/workspaces/{workspaceID}/credential-handoff
POST /spaces/{spaceID}/code/github/workspaces/{workspaceID}/sync
POST /spaces/{spaceID}/conversation-follow-ups/{followUpID}/cancel
POST /spaces/{spaceID}/conversation-follow-ups/{followUpID}/opt-out
POST /spaces/{spaceID}/conversations
POST /spaces/{spaceID}/conversations/{conversationID}/messages
POST /spaces/{spaceID}/conversations/{conversationID}/read
POST /spaces/{spaceID}/drawings
POST /spaces/{spaceID}/drawings/figma/bindings
POST /spaces/{spaceID}/drawings/figma/bindings/{bindingID}/comments
POST /spaces/{spaceID}/drawings/figma/bindings/{bindingID}/reconcile-webhooks
POST /spaces/{spaceID}/drawings/figma/bindings/{bindingID}/sync
POST /spaces/{spaceID}/drawings/{drawingID}/assets/uploads
POST /spaces/{spaceID}/drawings/{drawingID}/assets/uploads/{uploadID}/finalize
POST /spaces/{spaceID}/drawings/{drawingID}/collaboration-ticket
POST /spaces/{spaceID}/home/visits
POST /spaces/{spaceID}/integrations/github/install
POST /spaces/{spaceID}/integrations/{provider}/authorize
POST /spaces/{spaceID}/integrations/{provider}/bind
POST /spaces/{spaceID}/invitations
POST /spaces/{spaceID}/invitations/{inviteID}/resend
POST /spaces/{spaceID}/leave
POST /spaces/{spaceID}/library/album-folders
POST /spaces/{spaceID}/library/albums
POST /spaces/{spaceID}/library/albums/{albumID}/items
POST /spaces/{spaceID}/library/albums/{albumID}/order
POST /spaces/{spaceID}/library/asset-stacks
POST /spaces/{spaceID}/library/duplicates/merge
POST /spaces/{spaceID}/library/exports/download
POST /spaces/{spaceID}/library/groups
POST /spaces/{spaceID}/library/imports
POST /spaces/{spaceID}/library/items/bulk
POST /spaces/{spaceID}/library/items/duplicate
POST /spaces/{spaceID}/library/items/{itemID}/provider-import
POST /spaces/{spaceID}/library/items/{itemID}/restore
POST /spaces/{spaceID}/library/items/{itemID}/trash
POST /spaces/{spaceID}/library/items/{itemID}/versions
POST /spaces/{spaceID}/library/items/{itemID}/versions/{editID}/render
POST /spaces/{spaceID}/library/people
POST /spaces/{spaceID}/library/people/merge
POST /spaces/{spaceID}/library/people/{personID}/items
POST /spaces/{spaceID}/library/reauthenticate
POST /spaces/{spaceID}/library/shared
POST /spaces/{spaceID}/library/uploads
POST /spaces/{spaceID}/library/uploads/{uploadID}/finalize
POST /spaces/{spaceID}/messages
POST /spaces/{spaceID}/nodes
POST /spaces/{spaceID}/nodes/{nodeID}/resolve
POST /spaces/{spaceID}/notes
POST /spaces/{spaceID}/notes/{noteID}/assets/uploads
POST /spaces/{spaceID}/notes/{noteID}/assets/uploads/{uploadID}/finalize
POST /spaces/{spaceID}/notes/{noteID}/collaboration-ticket
POST /spaces/{spaceID}/provider-resources
POST /spaces/{spaceID}/read
POST /spaces/{spaceID}/resources/{resourceKind}/{resourceID}/share-with-space
POST /spaces/{spaceID}/roadmap-node-definitions
POST /spaces/{spaceID}/roadmaps
POST /spaces/{spaceID}/roadmaps/{roadmapID}/edges
POST /spaces/{spaceID}/roadmaps/{roadmapID}/goals
POST /spaces/{spaceID}/roadmaps/{roadmapID}/milestones
POST /spaces/{spaceID}/roadmaps/{roadmapID}/nodes
POST /spaces/{spaceID}/social/authorities
POST /spaces/{spaceID}/social/automation-rules
POST /spaces/{spaceID}/social/bindings
POST /spaces/{spaceID}/social/scheduled-messages
POST /spaces/{spaceID}/studio/workflows
POST /spaces/{spaceID}/studio/workflows/{workflowID}/versions
POST /spaces/{spaceID}/tasks
POST /spaces/{spaceID}/tasks/{taskID}/move
POST /spaces/{spaceID}/transfer
POST /stripe/webhook
POST /v1/account/deletion/status
POST /v1/activity/inbox/clear
POST /v1/activity/inbox/seen
POST /v1/agent-runs/{runID}/approvals/{approvalID}
POST /v1/agent-runs/{runID}/cancel
POST /v1/agent-runs/{runID}/contexts
POST /v1/agent-runs/{runID}/retry
POST /v1/agent-voice/transcriptions
POST /v1/ai/artifacts/{artifactID}/completion
POST /v1/ai/artifacts/{artifactID}/decision
POST /v1/ai/complete
POST /v1/ai/invocations
POST /v1/ai/invocations/{invocationID}/cancel
POST /v1/ai/invocations/{invocationID}/feedback
POST /v1/ai/media-search/chunks
POST /v1/ai/media-search/devices/{deviceID}/adopt-legacy
POST /v1/ai/media-search/search
POST /v1/ai/preferences/{surfaceID}/proactive-events
POST /v1/ai/recaps/{surfaceID}/seen
POST /v1/ai/runs
POST /v1/ai/smart-library/folders
POST /v1/ai/smart-library/folders/{folderID}/approve
POST /v1/ai/smart-library/folders/{folderID}/preflight
POST /v1/ai/smart-library/folders/{folderID}/rescan
POST /v1/ai/smart-library/folders/{folderID}/sample
POST /v1/ai/smart-library/folders/{folderID}/sample/approve
POST /v1/ai/smart-library/folders/{folderID}/search
POST /v1/ai/smart-library/reindex
POST /v1/ai/smart-library/reindex/{jobID}/complete
POST /v1/ai/smart-library/search
POST /v1/auth/forgot
POST /v1/auth/handoff
POST /v1/auth/reset
POST /v1/billing/checkout-session
POST /v1/billing/credit-checkout-session
POST /v1/billing/portal-session
POST /v1/billing/self-host-entitlement
POST /v1/billing/trial/start
POST /v1/cloud/connections/bind
POST /v1/cloud/connections/{connectionID}/handoff
POST /v1/cloud/connections/{provider}/authorize
POST /v1/cloud/handoffs/redeem
POST /v1/connections/{provider}/authorize
POST /v1/internal/journal/note-projections
POST /v1/login
POST /v1/logout
POST /v1/mail/drafts
POST /v1/mail/drafts/{draftID}/send
POST /v1/mail/threads/{threadID}/actions
POST /v1/mcp/connections
POST /v1/mcp/connections/{connectionID}/discover
POST /v1/mcp/connections/{connectionID}/test
POST /v1/mcp/oauth/activepieces/authorize
POST /v1/me/deletion
POST /v1/me/export
POST /v1/me/home/apps
POST /v1/misty/attachments
POST /v1/misty/attachments/{attachmentID}/finalize
POST /v1/misty/conversations
POST /v1/misty/conversations/{conversationID}/turns
POST /v1/native/github/credential-handoffs/redeem
POST /v1/provider-callbacks/figma
POST /v1/provider-callbacks/github
POST /v1/provider-callbacks/google/calendar
POST /v1/realtime/tickets
POST /v1/register
POST /v1/runs/{runID}/approval
POST /v1/runs/{runID}/cancel
POST /v1/runs/{runID}/retry
POST /v1/search/global/visual
POST /v1/self-host/bootstrap
POST /v1/self-host/enroll
POST /v1/self-host/entitlement
POST /v1/self-host/invitations
POST /v1/space-invitations/{token}
POST /v1/spaces
POST /v1/spaces/invitations/{inviteID}/accept
POST /v1/spaces/invitations/{inviteID}/decline
POST /v1/spaces/{spaceID}/action-suggestions/{batchID}/accept
POST /v1/spaces/{spaceID}/action-suggestions/{batchID}/dismiss
POST /v1/spaces/{spaceID}/attachments/{attachmentID}/promote
POST /v1/spaces/{spaceID}/calendar/events
POST /v1/spaces/{spaceID}/calendar/sources
POST /v1/spaces/{spaceID}/calendar/sync
POST /v1/spaces/{spaceID}/code/github/workspaces
POST /v1/spaces/{spaceID}/code/github/workspaces/{workspaceID}/actions
POST /v1/spaces/{spaceID}/code/github/workspaces/{workspaceID}/credential-handoff
POST /v1/spaces/{spaceID}/code/github/workspaces/{workspaceID}/sync
POST /v1/spaces/{spaceID}/conversation-follow-ups/{followUpID}/cancel
POST /v1/spaces/{spaceID}/conversation-follow-ups/{followUpID}/opt-out
POST /v1/spaces/{spaceID}/conversations
POST /v1/spaces/{spaceID}/conversations/{conversationID}/messages
POST /v1/spaces/{spaceID}/conversations/{conversationID}/read
POST /v1/spaces/{spaceID}/drawings
POST /v1/spaces/{spaceID}/drawings/figma/bindings
POST /v1/spaces/{spaceID}/drawings/figma/bindings/{bindingID}/comments
POST /v1/spaces/{spaceID}/drawings/figma/bindings/{bindingID}/reconcile-webhooks
POST /v1/spaces/{spaceID}/drawings/figma/bindings/{bindingID}/sync
POST /v1/spaces/{spaceID}/drawings/{drawingID}/assets/uploads
POST /v1/spaces/{spaceID}/drawings/{drawingID}/assets/uploads/{uploadID}/finalize
POST /v1/spaces/{spaceID}/drawings/{drawingID}/collaboration-ticket
POST /v1/spaces/{spaceID}/home/visits
POST /v1/spaces/{spaceID}/integrations/github/install
POST /v1/spaces/{spaceID}/integrations/{provider}/authorize
POST /v1/spaces/{spaceID}/integrations/{provider}/bind
POST /v1/spaces/{spaceID}/invitations
POST /v1/spaces/{spaceID}/invitations/{inviteID}/resend
POST /v1/spaces/{spaceID}/leave
POST /v1/spaces/{spaceID}/library/album-folders
POST /v1/spaces/{spaceID}/library/albums
POST /v1/spaces/{spaceID}/library/albums/{albumID}/items
POST /v1/spaces/{spaceID}/library/albums/{albumID}/order
POST /v1/spaces/{spaceID}/library/asset-stacks
POST /v1/spaces/{spaceID}/library/duplicates/merge
POST /v1/spaces/{spaceID}/library/exports/download
POST /v1/spaces/{spaceID}/library/groups
POST /v1/spaces/{spaceID}/library/imports
POST /v1/spaces/{spaceID}/library/items/bulk
POST /v1/spaces/{spaceID}/library/items/duplicate
POST /v1/spaces/{spaceID}/library/items/{itemID}/provider-import
POST /v1/spaces/{spaceID}/library/items/{itemID}/restore
POST /v1/spaces/{spaceID}/library/items/{itemID}/trash
POST /v1/spaces/{spaceID}/library/items/{itemID}/versions
POST /v1/spaces/{spaceID}/library/items/{itemID}/versions/{editID}/render
POST /v1/spaces/{spaceID}/library/people
POST /v1/spaces/{spaceID}/library/people/merge
POST /v1/spaces/{spaceID}/library/people/{personID}/items
POST /v1/spaces/{spaceID}/library/reauthenticate
POST /v1/spaces/{spaceID}/library/shared
POST /v1/spaces/{spaceID}/library/uploads
POST /v1/spaces/{spaceID}/library/uploads/{uploadID}/finalize
POST /v1/spaces/{spaceID}/messages
POST /v1/spaces/{spaceID}/nodes
POST /v1/spaces/{spaceID}/nodes/{nodeID}/resolve
POST /v1/spaces/{spaceID}/notes
POST /v1/spaces/{spaceID}/notes/{noteID}/assets/uploads
POST /v1/spaces/{spaceID}/notes/{noteID}/assets/uploads/{uploadID}/finalize
POST /v1/spaces/{spaceID}/notes/{noteID}/collaboration-ticket
POST /v1/spaces/{spaceID}/provider-resources
POST /v1/spaces/{spaceID}/read
POST /v1/spaces/{spaceID}/resources/{resourceKind}/{resourceID}/share-with-space
POST /v1/spaces/{spaceID}/roadmap-node-definitions
POST /v1/spaces/{spaceID}/roadmaps
POST /v1/spaces/{spaceID}/roadmaps/{roadmapID}/edges
POST /v1/spaces/{spaceID}/roadmaps/{roadmapID}/goals
POST /v1/spaces/{spaceID}/roadmaps/{roadmapID}/milestones
POST /v1/spaces/{spaceID}/roadmaps/{roadmapID}/nodes
POST /v1/spaces/{spaceID}/social/authorities
POST /v1/spaces/{spaceID}/social/automation-rules
POST /v1/spaces/{spaceID}/social/bindings
POST /v1/spaces/{spaceID}/social/scheduled-messages
POST /v1/spaces/{spaceID}/studio/workflows
POST /v1/spaces/{spaceID}/studio/workflows/{workflowID}/versions
POST /v1/spaces/{spaceID}/tasks
POST /v1/spaces/{spaceID}/tasks/{taskID}/move
POST /v1/spaces/{spaceID}/transfer
POST /v1/waitlist
POST /v1/webhooks/social/instagram
POST /waitlist
POST /webhooks/social/instagram
PUT /ai/preferences/{surfaceID}
PUT /ai/recaps/{surfaceID}
PUT /ai/settings
PUT /ai/settings/companion-agent
PUT /ai/smart-library/folders/{folderID}/assets/{assetID}/tags
PUT /api/ai/preferences/{surfaceID}
PUT /api/ai/recaps/{surfaceID}
PUT /api/ai/settings
PUT /api/ai/settings/companion-agent
PUT /api/ai/smart-library/folders/{folderID}/assets/{assetID}/tags
PUT /api/mail/drafts/{draftID}
PUT /api/me/avatar
PUT /api/me/device
PUT /api/me/profile
PUT /api/me/settings
PUT /api/me/telemetry
PUT /api/misty/attachments/{attachmentID}/content
PUT /api/spaces/{spaceID}/action-suggestion-settings
PUT /api/spaces/{spaceID}/conversations/{conversationID}/action-suggestion-veto
PUT /api/spaces/{spaceID}/conversations/{conversationID}/messages/{messageID}
PUT /api/spaces/{spaceID}/conversations/{conversationID}/messages/{messageID}/reactions/{emoji}
PUT /api/spaces/{spaceID}/integrations/{integrationID}/resources
PUT /api/spaces/{spaceID}/library/albums/{albumID}/organization
PUT /api/spaces/{spaceID}/library/items/{itemID}/versions/current
PUT /api/spaces/{spaceID}/library/pins
PUT /api/spaces/{spaceID}/library/uploads/{uploadID}/content
PUT /api/spaces/{spaceID}/members/{userID}/permissions
PUT /api/spaces/{spaceID}/messages/{messageID}
PUT /api/spaces/{spaceID}/messages/{messageID}/reactions/{emoji}
PUT /api/spaces/{spaceID}/nodes/{nodeID}
PUT /api/spaces/{spaceID}/roadmaps/{roadmapID}/goals/{goalID}/tasks
PUT /internal/self-host/collaboration/{resourceType}/{resourceID}
PUT /mail/drafts/{draftID}
PUT /me/avatar
PUT /me/device
PUT /me/profile
PUT /me/settings
PUT /me/telemetry
PUT /misty/attachments/{attachmentID}/content
PUT /spaces/{spaceID}/action-suggestion-settings
PUT /spaces/{spaceID}/conversations/{conversationID}/action-suggestion-veto
PUT /spaces/{spaceID}/conversations/{conversationID}/messages/{messageID}
PUT /spaces/{spaceID}/conversations/{conversationID}/messages/{messageID}/reactions/{emoji}
PUT /spaces/{spaceID}/integrations/{integrationID}/resources
PUT /spaces/{spaceID}/library/albums/{albumID}/organization
PUT /spaces/{spaceID}/library/items/{itemID}/versions/current
PUT /spaces/{spaceID}/library/pins
PUT /spaces/{spaceID}/library/uploads/{uploadID}/content
PUT /spaces/{spaceID}/members/{userID}/permissions
PUT /spaces/{spaceID}/messages/{messageID}
PUT /spaces/{spaceID}/messages/{messageID}/reactions/{emoji}
PUT /spaces/{spaceID}/nodes/{nodeID}
PUT /spaces/{spaceID}/roadmaps/{roadmapID}/goals/{goalID}/tasks
PUT /v1/ai/preferences/{surfaceID}
PUT /v1/ai/recaps/{surfaceID}
PUT /v1/ai/settings
PUT /v1/ai/settings/companion-agent
PUT /v1/ai/smart-library/folders/{folderID}/assets/{assetID}/tags
PUT /v1/mail/drafts/{draftID}
PUT /v1/me/avatar
PUT /v1/me/device
PUT /v1/me/profile
PUT /v1/me/settings
PUT /v1/me/telemetry
PUT /v1/misty/attachments/{attachmentID}/content
PUT /v1/spaces/{spaceID}/action-suggestion-settings
PUT /v1/spaces/{spaceID}/conversations/{conversationID}/action-suggestion-veto
PUT /v1/spaces/{spaceID}/conversations/{conversationID}/messages/{messageID}
PUT /v1/spaces/{spaceID}/conversations/{conversationID}/messages/{messageID}/reactions/{emoji}
PUT /v1/spaces/{spaceID}/integrations/{integrationID}/resources
PUT /v1/spaces/{spaceID}/library/albums/{albumID}/organization
PUT /v1/spaces/{spaceID}/library/items/{itemID}/versions/current
PUT /v1/spaces/{spaceID}/library/pins
PUT /v1/spaces/{spaceID}/library/uploads/{uploadID}/content
PUT /v1/spaces/{spaceID}/members/{userID}/permissions
PUT /v1/spaces/{spaceID}/messages/{messageID}
PUT /v1/spaces/{spaceID}/messages/{messageID}/reactions/{emoji}
PUT /v1/spaces/{spaceID}/nodes/{nodeID}
PUT /v1/spaces/{spaceID}/roadmaps/{roadmapID}/goals/{goalID}/tasks
